Archive member included to satisfy reference by file (symbol)

C:/ST/STM32CubeIDE_1.16.0/STM32CubeIDE/plugins/com.st.stm32cube.ide.mcu.externaltools.gnu-tools-for-stm32.12.3.rel1.win32_1.0.200.202406191623/tools/bin/../lib/gcc/arm-none-eabi/12.3.1/../../../../arm-none-eabi/lib/thumb/v7e-m+fp/hard\libc_nano.a(libc_a-exit.o)
                              C:/ST/STM32CubeIDE_1.16.0/STM32CubeIDE/plugins/com.st.stm32cube.ide.mcu.externaltools.gnu-tools-for-stm32.12.3.rel1.win32_1.0.200.202406191623/tools/bin/../lib/gcc/arm-none-eabi/12.3.1/../../../../arm-none-eabi/lib/thumb/v7e-m+fp/hard/crt0.o (exit)
C:/ST/STM32CubeIDE_1.16.0/STM32CubeIDE/plugins/com.st.stm32cube.ide.mcu.externaltools.gnu-tools-for-stm32.12.3.rel1.win32_1.0.200.202406191623/tools/bin/../lib/gcc/arm-none-eabi/12.3.1/../../../../arm-none-eabi/lib/thumb/v7e-m+fp/hard\libc_nano.a(libc_a-findfp.o)
                              C:/ST/STM32CubeIDE_1.16.0/STM32CubeIDE/plugins/com.st.stm32cube.ide.mcu.externaltools.gnu-tools-for-stm32.12.3.rel1.win32_1.0.200.202406191623/tools/bin/../lib/gcc/arm-none-eabi/12.3.1/../../../../arm-none-eabi/lib/thumb/v7e-m+fp/hard\libc_nano.a(libc_a-exit.o) (__stdio_exit_handler)
C:/ST/STM32CubeIDE_1.16.0/STM32CubeIDE/plugins/com.st.stm32cube.ide.mcu.externaltools.gnu-tools-for-stm32.12.3.rel1.win32_1.0.200.202406191623/tools/bin/../lib/gcc/arm-none-eabi/12.3.1/../../../../arm-none-eabi/lib/thumb/v7e-m+fp/hard\libc_nano.a(libc_a-fwalk.o)
                              C:/ST/STM32CubeIDE_1.16.0/STM32CubeIDE/plugins/com.st.stm32cube.ide.mcu.externaltools.gnu-tools-for-stm32.12.3.rel1.win32_1.0.200.202406191623/tools/bin/../lib/gcc/arm-none-eabi/12.3.1/../../../../arm-none-eabi/lib/thumb/v7e-m+fp/hard\libc_nano.a(libc_a-findfp.o) (_fwalk_sglue)
C:/ST/STM32CubeIDE_1.16.0/STM32CubeIDE/plugins/com.st.stm32cube.ide.mcu.externaltools.gnu-tools-for-stm32.12.3.rel1.win32_1.0.200.202406191623/tools/bin/../lib/gcc/arm-none-eabi/12.3.1/../../../../arm-none-eabi/lib/thumb/v7e-m+fp/hard\libc_nano.a(libc_a-stdio.o)
                              C:/ST/STM32CubeIDE_1.16.0/STM32CubeIDE/plugins/com.st.stm32cube.ide.mcu.externaltools.gnu-tools-for-stm32.12.3.rel1.win32_1.0.200.202406191623/tools/bin/../lib/gcc/arm-none-eabi/12.3.1/../../../../arm-none-eabi/lib/thumb/v7e-m+fp/hard\libc_nano.a(libc_a-findfp.o) (__sread)
C:/ST/STM32CubeIDE_1.16.0/STM32CubeIDE/plugins/com.st.stm32cube.ide.mcu.externaltools.gnu-tools-for-stm32.12.3.rel1.win32_1.0.200.202406191623/tools/bin/../lib/gcc/arm-none-eabi/12.3.1/../../../../arm-none-eabi/lib/thumb/v7e-m+fp/hard\libc_nano.a(libc_a-memset.o)
                              C:/ST/STM32CubeIDE_1.16.0/STM32CubeIDE/plugins/com.st.stm32cube.ide.mcu.externaltools.gnu-tools-for-stm32.12.3.rel1.win32_1.0.200.202406191623/tools/bin/../lib/gcc/arm-none-eabi/12.3.1/../../../../arm-none-eabi/lib/thumb/v7e-m+fp/hard/crt0.o (memset)
C:/ST/STM32CubeIDE_1.16.0/STM32CubeIDE/plugins/com.st.stm32cube.ide.mcu.externaltools.gnu-tools-for-stm32.12.3.rel1.win32_1.0.200.202406191623/tools/bin/../lib/gcc/arm-none-eabi/12.3.1/../../../../arm-none-eabi/lib/thumb/v7e-m+fp/hard\libc_nano.a(libc_a-closer.o)
                              C:/ST/STM32CubeIDE_1.16.0/STM32CubeIDE/plugins/com.st.stm32cube.ide.mcu.externaltools.gnu-tools-for-stm32.12.3.rel1.win32_1.0.200.202406191623/tools/bin/../lib/gcc/arm-none-eabi/12.3.1/../../../../arm-none-eabi/lib/thumb/v7e-m+fp/hard\libc_nano.a(libc_a-stdio.o) (_close_r)
C:/ST/STM32CubeIDE_1.16.0/STM32CubeIDE/plugins/com.st.stm32cube.ide.mcu.externaltools.gnu-tools-for-stm32.12.3.rel1.win32_1.0.200.202406191623/tools/bin/../lib/gcc/arm-none-eabi/12.3.1/../../../../arm-none-eabi/lib/thumb/v7e-m+fp/hard\libc_nano.a(libc_a-reent.o)
                              C:/ST/STM32CubeIDE_1.16.0/STM32CubeIDE/plugins/com.st.stm32cube.ide.mcu.externaltools.gnu-tools-for-stm32.12.3.rel1.win32_1.0.200.202406191623/tools/bin/../lib/gcc/arm-none-eabi/12.3.1/../../../../arm-none-eabi/lib/thumb/v7e-m+fp/hard\libc_nano.a(libc_a-closer.o) (errno)
C:/ST/STM32CubeIDE_1.16.0/STM32CubeIDE/plugins/com.st.stm32cube.ide.mcu.externaltools.gnu-tools-for-stm32.12.3.rel1.win32_1.0.200.202406191623/tools/bin/../lib/gcc/arm-none-eabi/12.3.1/../../../../arm-none-eabi/lib/thumb/v7e-m+fp/hard\libc_nano.a(libc_a-impure.o)
                              C:/ST/STM32CubeIDE_1.16.0/STM32CubeIDE/plugins/com.st.stm32cube.ide.mcu.externaltools.gnu-tools-for-stm32.12.3.rel1.win32_1.0.200.202406191623/tools/bin/../lib/gcc/arm-none-eabi/12.3.1/../../../../arm-none-eabi/lib/thumb/v7e-m+fp/hard\libc_nano.a(libc_a-reent.o) (_impure_ptr)
C:/ST/STM32CubeIDE_1.16.0/STM32CubeIDE/plugins/com.st.stm32cube.ide.mcu.externaltools.gnu-tools-for-stm32.12.3.rel1.win32_1.0.200.202406191623/tools/bin/../lib/gcc/arm-none-eabi/12.3.1/../../../../arm-none-eabi/lib/thumb/v7e-m+fp/hard\libc_nano.a(libc_a-lseekr.o)
[...]
Memory Configuration

Name             Origin             Length             Attributes
RAM              0x20000000         0x00010000         xrw
RAM2             0x10000000         0x00004000         xrw
FLASH            0x08000000         0x00040000         xr
*default*        0x00000000         0xffffffff

Linker script and memory map

LOAD C:/ST/STM32CubeIDE_1.16.0/STM32CubeIDE/plugins/com.st.stm32cube.ide.mcu.externaltools.gnu-tools-for-stm32.12.3.rel1.win32_1.0.200.202406191623/tools/bin/../lib/gcc/arm-none-eabi/12.3.1/thumb/v7e-m+fp/hard/crti.o
LOAD C:/ST/STM32CubeIDE_1.16.0/STM32CubeIDE/plugins/com.st.stm32cube.ide.mcu.externaltools.gnu-tools-for-stm32.12.3.rel1.win32_1.0.200.202406191623/tools/bin/../lib/gcc/arm-none-eabi/12.3.1/thumb/v7e-m+fp/hard/crtbegin.o
LOAD C:/ST/STM32CubeIDE_1.16.0/STM32CubeIDE/plugins/com.st.stm32cube.ide.mcu.externaltools.gnu-tools-for-stm32.12.3.rel1.win32_1.0.200.202406191623/tools/bin/../lib/gcc/arm-none-eabi/12.3.1/../../../../arm-none-eabi/lib/thumb/v7e-m+fp/hard/crt0.o
LOAD ./Core/Lib/Motori/motori.o
LOAD ./Core/Lib/Odometrija/odometrija.o
LOAD ./Core/Lib/PID/pid.o
LOAD ./Core/Src/gpio.o
LOAD ./Core/Src/main.o
LOAD ./Core/Src/stm32l4xx_hal_msp.o
LOAD ./Core/Src/stm32l4xx_it.o
LOAD ./Core/Src/syscalls.o
LOAD ./Core/Src/sysmem.o
LOAD ./Core/Src/system_stm32l4xx.o
LOAD ./Core/Src/tim.o
LOAD ./Core/Startup/startup_stm32l432kcux.o
LOAD ./Drivers/STM32L4xx_HAL_Driver/Src/stm32l4xx_hal.o
LOAD ./Drivers/STM32L4xx_HAL_Driver/Src/stm32l4xx_hal_cortex.o
LOAD ./Drivers/STM32L4xx_HAL_Driver/Src/stm32l4xx_hal_dma.o
LOAD ./Drivers/STM32L4xx_HAL_Driver/Src/stm32l4xx_hal_dma_ex.o
LOAD ./Drivers/STM32L4xx_HAL_Driver/Src/stm32l4xx_hal_exti.o
LOAD ./Drivers/STM32L4xx_HAL_Driver/Src/stm32l4xx_hal_flash.o
LOAD ./Drivers/STM32L4xx_HAL_Driver/Src/stm32l4xx_hal_flash_ex.o
LOAD ./Drivers/STM32L4xx_HAL_Driver/Src/stm32l4xx_hal_flash_ramfunc.o
LOAD ./Drivers/STM32L4xx_HAL_Driver/Src/stm32l4xx_hal_gpio.o
LOAD ./Drivers/STM32L4xx_HAL_Driver/Src/stm32l4xx_hal_i2c.o
LOAD ./Drivers/STM32L4xx_HAL_Driver/Src/stm32l4xx_hal_i2c_ex.o
LOAD ./Drivers/STM32L4xx_HAL_Driver/Src/stm32l4xx_hal_pwr.o
LOAD ./Drivers/STM32L4xx_HAL_Driver/Src/stm32l4xx_hal_pwr_ex.o
LOAD ./Drivers/STM32L4xx_HAL_Driver/Src/stm32l4xx_hal_rcc.o
LOAD ./Drivers/STM32L4xx_HAL_Driver/Src/stm32l4xx_hal_rcc_ex.o
LOAD ./Drivers/STM32L4xx_HAL_Driver/Src/stm32l4xx_hal_tim.o
LOAD ./Drivers/STM32L4xx_HAL_Driver/Src/stm32l4xx_hal_tim_ex.o
LOAD ./Drivers/STM32L4xx_HAL_Driver/Src/stm32l4xx_ll_dma.o
LOAD ./Drivers/STM32L4xx_HAL_Driver/Src/stm32l4xx_ll_exti.o
LOAD ./Drivers/STM32L4xx_HAL_Driver/Src/stm32l4xx_ll_gpio.o
LOAD ./Drivers/STM32L4xx_HAL_Driver/Src/stm32l4xx_ll_tim.o
LOAD ./Drivers/STM32L4xx_HAL_Driver/Src/stm32l4xx_ll_utils.o
START GROUP
LOAD C:/ST/STM32CubeIDE_1.16.0/STM32CubeIDE/plugins/com.st.stm32cube.ide.mcu.externaltools.gnu-tools-for-stm32.12.3.rel1.win32_1.0.200.202406191623/tools/bin/../lib/gcc/arm-none-eabi/12.3.1/../../../../arm-none-eabi/lib/thumb/v7e-m+fp/hard\libc_nano.a
LOAD C:/ST/STM32CubeIDE_1.16.0/STM32CubeIDE/plugins/com.st.stm32cube.ide.mcu.externaltools.gnu-tools-for-stm32.12.3.rel1.win32_1.0.200.202406191623/tools/bin/../lib/gcc/arm-none-eabi/12.3.1/../../../../arm-none-eabi/lib/thumb/v7e-m+fp/hard\libm.a
END GROUP
START GROUP
LOAD C:/ST/STM32CubeIDE_1.16.0/STM32CubeIDE/plugins/com.st.stm32cube.ide.mcu.externaltools.gnu-tools-for-stm32.12.3.rel1.win32_1.0.200.202406191623/tools/bin/../lib/gcc/arm-none-eabi/12.3.1/thumb/v7e-m+fp/hard\libgcc.a
LOAD C:/ST/STM32CubeIDE_1.16.0/STM32CubeIDE/plugins/com.st.stm32cube.ide.mcu.externaltools.gnu-tools-for-stm32.12.3.rel1.win32_1.0.200.202406191623/tools/bin/../lib/gcc/arm-none-eabi/12.3.1/../../../../arm-none-eabi/lib/thumb/v7e-m+fp/hard\libc_nano.a
END GROUP
START GROUP
LOAD C:/ST/STM32CubeIDE_1.16.0/STM32CubeIDE/plugins/com.st.stm32cube.ide.mcu.externaltools.gnu-tools-for-stm32.12.3.rel1.win32_1.0.200.202406191623/tools/bin/../lib/gcc/arm-none-eabi/12.3.1/thumb/v7e-m+fp/hard\libgcc.a
LOAD C:/ST/STM32CubeIDE_1.16.0/STM32CubeIDE/plugins/com.st.stm32cube.ide.mcu.externaltools.gnu-tools-for-stm32.12.3.rel1.win32_1.0.200.202406191623/tools/bin/../lib/gcc/arm-none-eabi/12.3.1/../../../../arm-none-eabi/lib/thumb/v7e-m+fp/hard\libc_nano.a
LOAD C:/ST/STM32CubeIDE_1.16.0/STM32CubeIDE/plugins/com.st.stm32cube.ide.mcu.externaltools.gnu-tools-for-stm32.12.3.rel1.win32_1.0.200.202406191623/tools/bin/../lib/gcc/arm-none-eabi/12.3.1/../../../../arm-none-eabi/lib/thumb/v7e-m+fp/hard\libnosys.a
END GROUP
START GROUP
LOAD C:/ST/STM32CubeIDE_1.16.0/STM32CubeIDE/plugins/com.st.stm32cube.ide.mcu.externaltools.gnu-tools-for-stm32.12.3.rel1.win32_1.0.200.202406191623/tools/bin/../lib/gcc/arm-none-eabi/12.3.1/thumb/v7e-m+fp/hard\libgcc.a
LOAD C:/ST/STM32CubeIDE_1.16.0/STM32CubeIDE/plugins/com.st.stm32cube.ide.mcu.externaltools.gnu-tools-for-stm32.12.3.rel1.win32_1.0.200.202406191623/tools/bin/../lib/gcc/arm-none-eabi/12.3.1/../../../../arm-none-eabi/lib/thumb/v7e-m+fp/hard\libc_nano.a
LOAD C:/ST/STM32CubeIDE_1.16.0/STM32CubeIDE/plugins/com.st.stm32cube.ide.mcu.externaltools.gnu-tools-for-stm32.12.3.rel1.win32_1.0.200.202406191623/tools/bin/../lib/gcc/arm-none-eabi/12.3.1/../../../../arm-none-eabi/lib/thumb/v7e-m+fp/hard\libnosys.a
END GROUP
LOAD C:/ST/STM32CubeIDE_1.16.0/STM32CubeIDE/plugins/com.st.stm32cube.ide.mcu.externaltools.gnu-tools-for-stm32.12.3.rel1.win32_1.0.200.202406191623/tools/bin/../lib/gcc/arm-none-eabi/12.3.1/thumb/v7e-m+fp/hard/crtend.o
LOAD C:/ST/STM32CubeIDE_1.16.0/STM32CubeIDE/plugins/com.st.stm32cube.ide.mcu.externaltools.gnu-tools-for-stm32.12.3.rel1.win32_1.0.200.202406191623/tools/bin/../lib/gcc/arm-none-eabi/12.3.1/thumb/v7e-m+fp/hard/crtn.o
                0x20010000                        _estack = (ORIGIN (RAM) + LENGTH (RAM))
                0x00000200                        _Min_Heap_Size = 0x200
                0x00000400                        _Min_Stack_Size = 0x400

.isr_vector     0x08000000      0x18c
                0x08000000                        . = ALIGN (0x4)
 *(.isr_vector)
 .isr_vector    0x08000000      0x18c ./Core/Startup/startup_stm32l432kcux.o
                0x08000000                g_pfnVectors
                0x0800018c                        . = ALIGN (0x4)

.text           0x08000190     0x4c08
                0x08000190                        . = ALIGN (0x4)
 *(.text)
 .text          0x08000190       0x40 C:/ST/STM32CubeIDE_1.16.0/STM32CubeIDE/plugins/com.st.stm32cube.ide.mcu.externaltools.gnu-tools-for-stm32.12.3.rel1.win32_1.0.200.202406191623/tools/bin/../lib/gcc/arm-none-eabi/12.3.1/thumb/v7e-m+fp/hard/crtbegin.o
 .text          0x080001d0      0x378 C:/ST/STM32CubeIDE_1.16.0/STM32CubeIDE/plugins/com.st.stm32cube.ide.mcu.externaltools.gnu-tools-for-stm32.12.3.rel1.win32_1.0.200.202406191623/tools/bin/../lib/gcc/arm-none-eabi/12.3.1/thumb/v7e-m+fp/hard\libgcc.a(_arm_addsubdf3.o)
                0x080001d0                __aeabi_drsub
                0x080001d8                __aeabi_dsub
                0x080001d8                __subdf3
                0x080001dc                __aeabi_dadd
                0x080001dc                __adddf3
                0x08000454                __floatunsidf
                0x08000454                __aeabi_ui2d
                0x08000474                __floatsidf
                0x08000474                __aeabi_i2d
                0x08000498                __aeabi_f2d
                0x08000498                __extendsfdf2
                0x080004dc                __floatundidf
                0x080004dc                __aeabi_ul2d
                0x080004ec                __floatdidf
                0x080004ec                __aeabi_l2d
 .text          0x08000548      0x424 C:/ST/STM32CubeIDE_1.16.0/STM32CubeIDE/plugins/com.st.stm32cube.ide.mcu.externaltools.gnu-tools-for-stm32.12.3.rel1.win32_1.0.200.202406191623/tools/bin/../lib/gcc/arm-none-eabi/12.3.1/thumb/v7e-m+fp/hard\libgcc.a(_arm_muldivdf3.o)
                0x08000548                __aeabi_dmul
                0x08000548                __muldf3
                0x0800079c                __divdf3
                0x0800079c                __aeabi_ddiv
 .text          0x0800096c      0x110 C:/ST/STM32CubeIDE_1.16.0/STM32CubeIDE/plugins/com.st.stm32cube.ide.mcu.externaltools.gnu-tools-for-stm32.12.3.rel1.win32_1.0.200.202406191623/tools/bin/../lib/gcc/arm-none-eabi/12.3.1/thumb/v7e-m+fp/hard\libgcc.a(_arm_cmpdf2.o)
                0x0800096c                __gtdf2
                0x0800096c                __gedf2
                0x08000974                __ltdf2
                0x08000974                __ledf2
                0x0800097c                __nedf2
                0x0800097c                __eqdf2
                0x0800097c                __cmpdf2
                0x080009f8                __aeabi_cdrcmple
                0x08000a08                __aeabi_cdcmpeq
                0x08000a08                __aeabi_cdcmple
                0x08000a18                __aeabi_dcmpeq
                0x08000a2c                __aeabi_dcmplt
                0x08000a40                __aeabi_dcmple
                0x08000a54                __aeabi_dcmpge
                0x08000a68                __aeabi_dcmpgt
 .text          0x08000a7c       0x50 C:/ST/STM32CubeIDE_1.16.0/STM32CubeIDE/plugins/com.st.stm32cube.ide.mcu.externaltools.gnu-tools-for-stm32.12.3.rel1.win32_1.0.200.202406191623/tools/bin/../lib/gcc/arm-none-eabi/12.3.1/thumb/v7e-m+fp/hard\libgcc.a(_arm_fixdfsi.o)
                0x08000a7c                __aeabi_d2iz
                0x08000a7c                __fixdfsi
 .text          0x08000acc       0x40 C:/ST/STM32CubeIDE_1.16.0/STM32CubeIDE/plugins/com.st.stm32cube.ide.mcu.externaltools.gnu-tools-for-stm32.12.3.rel1.win32_1.0.200.202406191623/tools/bin/../lib/gcc/arm-none-eabi/12.3.1/thumb/v7e-m+fp/hard\libgcc.a(_arm_fixunsdfsi.o)
                0x08000acc                __aeabi_d2uiz
                0x08000acc                __fixunsdfsi
 .text          0x08000b0c       0xa0 C:/ST/STM32CubeIDE_1.16.0/STM32CubeIDE/plugins/com.st.stm32cube.ide.mcu.externaltools.gnu-tools-for-stm32.12.3.rel1.win32_1.0.200.202406191623/tools/bin/../lib/gcc/arm-none-eabi/12.3.1/thumb/v7e-m+fp/hard\libgcc.a(_arm_truncdfsf2.o)
                0x08000b0c                __truncdfsf2
                0x08000b0c                __aeabi_d2f
 *(.text*)
 .text.LL_GPIO_SetOutputPin
                0x08000bac       0x1c ./Core/Lib/Motori/motori.o
 .text.LL_GPIO_ResetOutputPin
                0x08000bc8       0x1c ./Core/Lib/Motori/motori.o
 .text.motor1_init
                0x08000be4       0x64 ./Core/Lib/Motori/motori.o
                0x08000be4                motor1_init
 .text.motor2_init
                0x08000c48       0x60 ./Core/Lib/Motori/motori.o
                0x08000c48                motor2_init
 .text.odometrija_init
                0x08000ca8       0x9c ./Core/Lib/Odometrija/odometrija.o
                0x08000ca8                odometrija_init
 *fill*         0x08000d44        0x4 
 .text.odometrija
                0x08000d48      0x26c ./Core/Lib/Odometrija/odometrija.o
                0x08000d48                odometrija
 .text.odometrija_brzina_d
                0x08000fb4       0x1c ./Core/Lib/Odometrija/odometrija.o
                0x08000fb4                odometrija_brzina_d
 .text.odometrija_brzina_l
                0x08000fd0       0x1c ./Core/Lib/Odometrija/odometrija.o
                0x08000fd0                odometrija_brzina_l
 *fill*         0x08000fec        0x4 
 .text.pid_brzina_m1
                0x08000ff0      0x18c ./Core/Lib/PID/pid.o
                0x08000ff0                pid_brzina_m1
 *fill*         0x0800117c        0x4 
 .text.pid_brzina_m2
                0x08001180      0x190 ./Core/Lib/PID/pid.o
                0x08001180                pid_brzina_m2
 .text.LL_AHB2_GRP1_EnableClock
                0x08001310       0x30 ./Core/Src/gpio.o
 .text.LL_GPIO_ResetOutputPin
                0x08001340       0x1c ./Core/Src/gpio.o
 .text.MX_GPIO_Init
                0x0800135c       0x94 ./Core/Src/gpio.o
                0x0800135c                MX_GPIO_Init
 .text.LL_RCC_HSI_Enable
                0x080013f0       0x20 ./Core/Src/main.o
 .text.LL_RCC_HSI_IsReady
                0x08001410       0x28 ./Core/Src/main.o
 .text.LL_RCC_HSI_SetCalibTrimming
                0x08001438       0x2c ./Core/Src/main.o
 .text.LL_RCC_SetSysClkSource
                0x08001464       0x28 ./Core/Src/main.o
 .text.LL_RCC_GetSysClkSource
                0x0800148c       0x1c ./Core/Src/main.o
 .text.LL_RCC_SetAHBPrescaler
                0x080014a8       0x28 ./Core/Src/main.o
 .text.LL_RCC_SetAPB1Prescaler
                0x080014d0       0x28 ./Core/Src/main.o
 .text.LL_RCC_SetAPB2Prescaler
                0x080014f8       0x28 ./Core/Src/main.o
 .text.LL_RCC_PLL_Enable
                0x08001520       0x20 ./Core/Src/main.o
 .text.LL_RCC_PLL_IsReady
                0x08001540       0x28 ./Core/Src/main.o
 .text.LL_RCC_PLL_ConfigDomain_SYS
                0x08001568       0x40 ./Core/Src/main.o
 .text.LL_RCC_PLL_EnableDomain_SYS
                0x080015a8       0x20 ./Core/Src/main.o
 .text.LL_FLASH_SetLatency
                0x080015c8       0x28 ./Core/Src/main.o
 .text.LL_FLASH_GetLatency
                0x080015f0       0x1c ./Core/Src/main.o
 .text.LL_PWR_SetRegulVoltageScaling
                0x0800160c       0x28 ./Core/Src/main.o
 .text.LL_PWR_IsActiveFlag_VOS
                0x08001634       0x28 ./Core/Src/main.o
 .text.LL_TIM_EnableCounter
                0x0800165c       0x20 ./Core/Src/main.o
 .text.LL_TIM_EnableIT_UPDATE
                0x0800167c       0x20 ./Core/Src/main.o
 .text.main     0x0800169c       0x50 ./Core/Src/main.o
                0x0800169c                main
 .text.SystemClock_Config
                0x080016ec       0xa4 ./Core/Src/main.o
                0x080016ec                SystemClock_Config
 .text.Error_Handler
                0x08001790        0xc ./Core/Src/main.o
                0x08001790                Error_Handler
 .text.HAL_MspInit
                0x0800179c       0x48 ./Core/Src/stm32l4xx_hal_msp.o
                0x0800179c                HAL_MspInit
 .text.LL_TIM_ClearFlag_UPDATE
                0x080017e4       0x1c ./Core/Src/stm32l4xx_it.o
 .text.LL_TIM_IsActiveFlag_UPDATE
                0x08001800       0x26 ./Core/Src/stm32l4xx_it.o
 .text.LL_GPIO_IsInputPinSet
                0x08001826       0x2a ./Core/Src/stm32l4xx_it.o
 .text.NMI_Handler
                0x08001850        0x8 ./Core/Src/stm32l4xx_it.o
                0x08001850                NMI_Handler
 .text.HardFault_Handler
                0x08001858        0x8 ./Core/Src/stm32l4xx_it.o
                0x08001858                HardFault_Handler
 .text.MemManage_Handler
                0x08001860        0x8 ./Core/Src/stm32l4xx_it.o
                0x08001860                MemManage_Handler
 .text.BusFault_Handler
                0x08001868        0x8 ./Core/Src/stm32l4xx_it.o
                0x08001868                BusFault_Handler
 .text.UsageFault_Handler
                0x08001870        0x8 ./Core/Src/stm32l4xx_it.o
                0x08001870                UsageFault_Handler
 .text.SVC_Handler
                0x08001878        0xe ./Core/Src/stm32l4xx_it.o
                0x08001878                SVC_Handler
 .text.DebugMon_Handler
                0x08001886        0xe ./Core/Src/stm32l4xx_it.o
                0x08001886                DebugMon_Handler
 .text.PendSV_Handler
                0x08001894        0xe ./Core/Src/stm32l4xx_it.o
                0x08001894                PendSV_Handler
 .text.SysTick_Handler
                0x080018a2        0xc ./Core/Src/stm32l4xx_it.o
                0x080018a2                SysTick_Handler
 *fill*         0x080018ae        0x2 
 .text.TIM6_DAC_IRQHandler
                0x080018b0       0x88 ./Core/Src/stm32l4xx_it.o
                0x080018b0                TIM6_DAC_IRQHandler
 .text.SystemInit
                0x08001938       0x24 ./Core/Src/system_stm32l4xx.o
                0x08001938                SystemInit
 .text.__NVIC_GetPriorityGrouping
                0x0800195c       0x1c ./Core/Src/tim.o
 .text.__NVIC_EnableIRQ
                0x08001978       0x3c ./Core/Src/tim.o
 .text.__NVIC_SetPriority
                0x080019b4       0x54 ./Core/Src/tim.o
 .text.NVIC_EncodePriority
                0x08001a08       0x66 ./Core/Src/tim.o
 *fill*         0x08001a6e        0x2 
 .text.LL_AHB2_GRP1_EnableClock
                0x08001a70       0x30 ./Core/Src/tim.o
 .text.LL_APB1_GRP1_EnableClock
                0x08001aa0       0x30 ./Core/Src/tim.o
 .text.LL_APB2_GRP1_EnableClock
                0x08001ad0       0x30 ./Core/Src/tim.o
 .text.LL_TIM_DisableARRPreload
                0x08001b00       0x20 ./Core/Src/tim.o
 .text.LL_TIM_IC_SetActiveInput
                0x08001b20       0xb4 ./Core/Src/tim.o
 .text.LL_TIM_IC_SetPrescaler
                0x08001bd4       0xb4 ./Core/Src/tim.o
 .text.LL_TIM_IC_SetFilter
                0x08001c88       0xb4 ./Core/Src/tim.o
 .text.LL_TIM_IC_SetPolarity
                0x08001d3c       0xa0 ./Core/Src/tim.o
 .text.LL_TIM_SetEncoderMode
                0x08001ddc       0x2a ./Core/Src/tim.o
 .text.LL_TIM_SetTriggerOutput
                0x08001e06       0x26 ./Core/Src/tim.o
 .text.LL_TIM_SetTriggerOutput2
                0x08001e2c       0x26 ./Core/Src/tim.o
 .text.LL_TIM_DisableMasterSlaveMode
                0x08001e52       0x20 ./Core/Src/tim.o
 *fill*         0x08001e72        0x2 
 .text.MX_TIM1_Init
                0x08001e74      0x100 ./Core/Src/tim.o
                0x08001e74                MX_TIM1_Init
 .text.MX_TIM2_Init
                0x08001f74      0x106 ./Core/Src/tim.o
                0x08001f74                MX_TIM2_Init
 *fill*         0x0800207a        0x2 
 .text.MX_TIM6_Init
                0x0800207c       0x74 ./Core/Src/tim.o
                0x0800207c                MX_TIM6_Init
 .text.MX_TIM15_Init
                0x080020f0      0x108 ./Core/Src/tim.o
                0x080020f0                MX_TIM15_Init
 .text.MX_TIM16_Init
                0x080021f8       0xf0 ./Core/Src/tim.o
                0x080021f8                MX_TIM16_Init
 .text.HAL_TIM_PWM_MspInit
                0x080022e8       0x40 ./Core/Src/tim.o
                0x080022e8                HAL_TIM_PWM_MspInit
 .text.HAL_TIM_Base_MspInit
                0x08002328       0x40 ./Core/Src/tim.o
                0x08002328                HAL_TIM_Base_MspInit
 .text.HAL_TIM_MspPostInit
                0x08002368       0xb8 ./Core/Src/tim.o
                0x08002368                HAL_TIM_MspPostInit
 .text.tim1_brzina
                0x08002420       0x2c ./Core/Src/tim.o
                0x08002420                tim1_brzina
 .text.tim2_brzina
                0x0800244c       0x26 ./Core/Src/tim.o
                0x0800244c                tim2_brzina
 *fill*         0x08002472        0x2 
 .text.Reset_Handler
                0x08002474       0x50 ./Core/Startup/startup_stm32l432kcux.o
                0x08002474                Reset_Handler
 .text.Default_Handler
                0x080024c4        0x2 ./Core/Startup/startup_stm32l432kcux.o
                0x080024c4                RTC_Alarm_IRQHandler
                0x080024c4                EXTI2_IRQHandler
                0x080024c4                TIM1_CC_IRQHandler
                0x080024c4                TSC_IRQHandler
                0x080024c4                TAMP_STAMP_IRQHandler
                0x080024c4                EXTI3_IRQHandler
                0x080024c4                LPTIM2_IRQHandler
                0x080024c4                I2C3_ER_IRQHandler
                0x080024c4                EXTI0_IRQHandler
                0x080024c4                CAN1_RX0_IRQHandler
                0x080024c4                FPU_IRQHandler
                0x080024c4                TIM1_UP_TIM16_IRQHandler
                0x080024c4                SPI1_IRQHandler
                0x080024c4                DMA2_Channel2_IRQHandler
                0x080024c4                DMA1_Channel4_IRQHandler
                0x080024c4                ADC1_IRQHandler
                0x080024c4                DMA1_Channel7_IRQHandler
                0x080024c4                CAN1_RX1_IRQHandler
                0x080024c4                DMA2_Channel1_IRQHandler
                0x080024c4                QUADSPI_IRQHandler
                0x080024c4                I2C1_EV_IRQHandler
                0x080024c4                DMA1_Channel6_IRQHandler
                0x080024c4                DMA2_Channel4_IRQHandler
                0x080024c4                RCC_IRQHandler
                0x080024c4                TIM1_TRG_COM_IRQHandler
                0x080024c4                DMA1_Channel1_IRQHandler
                0x080024c4                Default_Handler
                0x080024c4                DMA2_Channel7_IRQHandler
                0x080024c4                EXTI15_10_IRQHandler
                0x080024c4                TIM7_IRQHandler
                0x080024c4                I2C3_EV_IRQHandler
                0x080024c4                USB_IRQHandler
                0x080024c4                EXTI9_5_IRQHandler
                0x080024c4                RTC_WKUP_IRQHandler
                0x080024c4                PVD_PVM_IRQHandler
                0x080024c4                CAN1_TX_IRQHandler
                0x080024c4                DMA2_Channel5_IRQHandler
                0x080024c4                CRS_IRQHandler
                0x080024c4                DMA1_Channel5_IRQHandler
                0x080024c4                EXTI4_IRQHandler
                0x080024c4                RNG_IRQHandler
                0x080024c4                DMA1_Channel3_IRQHandler
                0x080024c4                COMP_IRQHandler
                0x080024c4                WWDG_IRQHandler
                0x080024c4                LPUART1_IRQHandler
                0x080024c4                DMA2_Channel6_IRQHandler
                0x080024c4                TIM2_IRQHandler
                0x080024c4                EXTI1_IRQHandler
                0x080024c4                USART2_IRQHandler
                0x080024c4                DMA1_Channel2_IRQHandler
                0x080024c4                CAN1_SCE_IRQHandler
                0x080024c4                FLASH_IRQHandler
                0x080024c4                USART1_IRQHandler
                0x080024c4                SPI3_IRQHandler
                0x080024c4                I2C1_ER_IRQHandler
                0x080024c4                SWPMI1_IRQHandler
                0x080024c4                LPTIM1_IRQHandler
                0x080024c4                SAI1_IRQHandler
                0x080024c4                DMA2_Channel3_IRQHandler
                0x080024c4                TIM1_BRK_TIM15_IRQHandler
 .text.HAL_Init
                0x080024c6       0x30 ./Drivers/STM32L4xx_HAL_Driver/Src/stm32l4xx_hal.o
                0x080024c6                HAL_Init
 *fill*         0x080024f6        0x2 
 .text.HAL_InitTick
                0x080024f8       0x78 ./Drivers/STM32L4xx_HAL_Driver/Src/stm32l4xx_hal.o
                0x080024f8                HAL_InitTick
 .text.HAL_IncTick
                0x08002570       0x28 ./Drivers/STM32L4xx_HAL_Driver/Src/stm32l4xx_hal.o
                0x08002570                HAL_IncTick
 .text.__NVIC_SetPriorityGrouping
                0x08002598       0x48 ./Drivers/STM32L4xx_HAL_Driver/Src/stm32l4xx_hal_cortex.o
 .text.__NVIC_GetPriorityGrouping
                0x080025e0       0x1c ./Drivers/STM32L4xx_HAL_Driver/Src/stm32l4xx_hal_cortex.o
 .text.__NVIC_SetPriority
                0x080025fc       0x54 ./Drivers/STM32L4xx_HAL_Driver/Src/stm32l4xx_hal_cortex.o
 .text.NVIC_EncodePriority
                0x08002650       0x66 ./Drivers/STM32L4xx_HAL_Driver/Src/stm32l4xx_hal_cortex.o
 *fill*         0x080026b6        0x2 
 .text.SysTick_Config
                0x080026b8       0x44 ./Drivers/STM32L4xx_HAL_Driver/Src/stm32l4xx_hal_cortex.o
 .text.HAL_NVIC_SetPriorityGrouping
                0x080026fc       0x16 ./Drivers/STM32L4xx_HAL_Driver/Src/stm32l4xx_hal_cortex.o
                0x080026fc                HAL_NVIC_SetPriorityGrouping
 .text.HAL_NVIC_SetPriority
                0x08002712       0x38 ./Drivers/STM32L4xx_HAL_Driver/Src/stm32l4xx_hal_cortex.o
                0x08002712                HAL_NVIC_SetPriority
 .text.HAL_SYSTICK_Config
                0x0800274a       0x18 ./Drivers/STM32L4xx_HAL_Driver/Src/stm32l4xx_hal_cortex.o
                0x0800274a                HAL_SYSTICK_Config
 *fill*         0x08002762        0x2 
 .text.HAL_GPIO_Init
                0x08002764      0x2d4 ./Drivers/STM32L4xx_HAL_Driver/Src/stm32l4xx_hal_gpio.o
                0x08002764                HAL_GPIO_Init
 .text.HAL_TIM_Base_Init
                0x08002a38       0xae ./Drivers/STM32L4xx_HAL_Driver/Src/stm32l4xx_hal_tim.o
                0x08002a38                HAL_TIM_Base_Init
 .text.HAL_TIM_PWM_Init
                0x08002ae6       0xae ./Drivers/STM32L4xx_HAL_Driver/Src/stm32l4xx_hal_tim.o
                0x08002ae6                HAL_TIM_PWM_Init
 .text.HAL_TIM_PWM_Start
                0x08002b94      0x1bc ./Drivers/STM32L4xx_HAL_Driver/Src/stm32l4xx_hal_tim.o
                0x08002b94                HAL_TIM_PWM_Start
 .text.HAL_TIM_PWM_ConfigChannel
                0x08002d50      0x228 ./Drivers/STM32L4xx_HAL_Driver/Src/stm32l4xx_hal_tim.o
                0x08002d50                HAL_TIM_PWM_ConfigChannel
 .text.TIM_Base_SetConfig
                0x08002f78       0xe0 ./Drivers/STM32L4xx_HAL_Driver/Src/stm32l4xx_hal_tim.o
                0x08002f78                TIM_Base_SetConfig
 .text.TIM_OC1_SetConfig
                0x08003058       0xf8 ./Drivers/STM32L4xx_HAL_Driver/Src/stm32l4xx_hal_tim.o
 .text.TIM_OC2_SetConfig
                0x08003150       0xf4 ./Drivers/STM32L4xx_HAL_Driver/Src/stm32l4xx_hal_tim.o
                0x08003150                TIM_OC2_SetConfig
 .text.TIM_OC3_SetConfig
                0x08003244       0xf0 ./Drivers/STM32L4xx_HAL_Driver/Src/stm32l4xx_hal_tim.o
 .text.TIM_OC4_SetConfig
                0x08003334       0xbc ./Drivers/STM32L4xx_HAL_Driver/Src/stm32l4xx_hal_tim.o
 .text.TIM_OC5_SetConfig
                0x080033f0       0xb0 ./Drivers/STM32L4xx_HAL_Driver/Src/stm32l4xx_hal_tim.o
 .text.TIM_OC6_SetConfig
                0x080034a0       0xb4 ./Drivers/STM32L4xx_HAL_Driver/Src/stm32l4xx_hal_tim.o
 .text.TIM_CCxChannelCmd
                0x08003554       0x4a ./Drivers/STM32L4xx_HAL_Driver/Src/stm32l4xx_hal_tim.o
                0x08003554                TIM_CCxChannelCmd
 *fill*         0x0800359e        0x2 
 .text.HAL_TIMEx_MasterConfigSynchronization
                0x080035a0       0xcc ./Drivers/STM32L4xx_HAL_Driver/Src/stm32l4xx_hal_tim_ex.o
                0x080035a0                HAL_TIMEx_MasterConfigSynchronization
 .text.HAL_TIMEx_ConfigBreakDeadTime
                0x0800366c       0xf0 ./Drivers/STM32L4xx_HAL_Driver/Src/stm32l4xx_hal_tim_ex.o
                0x0800366c                HAL_TIMEx_ConfigBreakDeadTime
 .text.LL_GPIO_SetPinMode
                0x0800375c       0x7a ./Drivers/STM32L4xx_HAL_Driver/Src/stm32l4xx_ll_gpio.o
 .text.LL_GPIO_SetPinOutputType
                0x080037d6       0x30 ./Drivers/STM32L4xx_HAL_Driver/Src/stm32l4xx_ll_gpio.o
 .text.LL_GPIO_SetPinSpeed
                0x08003806       0x7a ./Drivers/STM32L4xx_HAL_Driver/Src/stm32l4xx_ll_gpio.o
 .text.LL_GPIO_SetPinPull
                0x08003880       0x7a ./Drivers/STM32L4xx_HAL_Driver/Src/stm32l4xx_ll_gpio.o
 .text.LL_GPIO_SetAFPin_0_7
                0x080038fa       0x7a ./Drivers/STM32L4xx_HAL_Driver/Src/stm32l4xx_ll_gpio.o
 .text.LL_GPIO_SetAFPin_8_15
                0x08003974       0x7e ./Drivers/STM32L4xx_HAL_Driver/Src/stm32l4xx_ll_gpio.o
 .text.LL_GPIO_Init
                0x080039f2       0xdc ./Drivers/STM32L4xx_HAL_Driver/Src/stm32l4xx_ll_gpio.o
                0x080039f2                LL_GPIO_Init
 .text.LL_TIM_SetPrescaler
                0x08003ace       0x1c ./Drivers/STM32L4xx_HAL_Driver/Src/stm32l4xx_ll_tim.o
 .text.LL_TIM_SetAutoReload
                0x08003aea       0x1c ./Drivers/STM32L4xx_HAL_Driver/Src/stm32l4xx_ll_tim.o
 .text.LL_TIM_SetRepetitionCounter
                0x08003b06       0x1c ./Drivers/STM32L4xx_HAL_Driver/Src/stm32l4xx_ll_tim.o
 .text.LL_TIM_GenerateEvent_UPDATE
                0x08003b22       0x20 ./Drivers/STM32L4xx_HAL_Driver/Src/stm32l4xx_ll_tim.o
 *fill*         0x08003b42        0x2 
 .text.LL_TIM_Init
                0x08003b44       0xbc ./Drivers/STM32L4xx_HAL_Driver/Src/stm32l4xx_ll_tim.o
                0x08003b44                LL_TIM_Init
 .text.LL_SetSystemCoreClock
                0x08003c00       0x20 ./Drivers/STM32L4xx_HAL_Driver/Src/stm32l4xx_ll_utils.o
                0x08003c00                LL_SetSystemCoreClock
 .text.memset   0x08003c20       0x10 C:/ST/STM32CubeIDE_1.16.0/STM32CubeIDE/plugins/com.st.stm32cube.ide.mcu.externaltools.gnu-tools-for-stm32.12.3.rel1.win32_1.0.200.202406191623/tools/bin/../lib/gcc/arm-none-eabi/12.3.1/../../../../arm-none-eabi/lib/thumb/v7e-m+fp/hard\libc_nano.a(libc_a-memset.o)
                0x08003c20                memset
 .text.__libc_init_array
                0x08003c30       0x48 C:/ST/STM32CubeIDE_1.16.0/STM32CubeIDE/plugins/com.st.stm32cube.ide.mcu.externaltools.gnu-tools-for-stm32.12.3.rel1.win32_1.0.200.202406191623/tools/bin/../lib/gcc/arm-none-eabi/12.3.1/../../../../arm-none-eabi/lib/thumb/v7e-m+fp/hard\libc_nano.a(libc_a-init.o)
                0x08003c30                __libc_init_array
 .text.cos      0x08003c78       0xa8 C:/ST/STM32CubeIDE_1.16.0/STM32CubeIDE/plugins/com.st.stm32cube.ide.mcu.externaltools.gnu-tools-for-stm32.12.3.rel1.win32_1.0.200.202406191623/tools/bin/../lib/gcc/arm-none-eabi/12.3.1/../../../../arm-none-eabi/lib/thumb/v7e-m+fp/hard\libm.a(libm_a-s_cos.o)
                0x08003c78                cos
 .text.sin      0x08003d20       0xa8 C:/ST/STM32CubeIDE_1.16.0/STM32CubeIDE/plugins/com.st.stm32cube.ide.mcu.externaltools.gnu-tools-for-stm32.12.3.rel1.win32_1.0.200.202406191623/tools/bin/../lib/gcc/arm-none-eabi/12.3.1/../../../../arm-none-eabi/lib/thumb/v7e-m+fp/hard\libm.a(libm_a-s_sin.o)
                0x08003d20                sin
 .text.__kernel_cos
                0x08003dc8      0x18c C:/ST/STM32CubeIDE_1.16.0/STM32CubeIDE/plugins/com.st.stm32cube.ide.mcu.externaltools.gnu-tools-for-stm32.12.3.rel1.win32_1.0.200.202406191623/tools/bin/../lib/gcc/arm-none-eabi/12.3.1/../../../../arm-none-eabi/lib/thumb/v7e-m+fp/hard\libm.a(libm_a-k_cos.o)
                0x08003dc8                __kernel_cos
 *fill*         0x08003f54        0x4 
 .text.__kernel_sin
                0x08003f58      0x174 C:/ST/STM32CubeIDE_1.16.0/STM32CubeIDE/plugins/com.st.stm32cube.ide.mcu.externaltools.gnu-tools-for-stm32.12.3.rel1.win32_1.0.200.202406191623/tools/bin/../lib/gcc/arm-none-eabi/12.3.1/../../../../arm-none-eabi/lib/thumb/v7e-m+fp/hard\libm.a(libm_a-k_sin.o)
                0x08003f58                __kernel_sin
 *fill*         0x080040cc        0x4 
 .text.__ieee754_rem_pio2
                0x080040d0      0x3f8 C:/ST/STM32CubeIDE_1.16.0/STM32CubeIDE/plugins/com.st.stm32cube.ide.mcu.externaltools.gnu-tools-for-stm32.12.3.rel1.win32_1.0.200.202406191623/tools/bin/../lib/gcc/arm-none-eabi/12.3.1/../../../../arm-none-eabi/lib/thumb/v7e-m+fp/hard\libm.a(libm_a-e_rem_pio2.o)
                0x080040d0                __ieee754_rem_pio2
 .text.fabs     0x080044c8       0x10 C:/ST/STM32CubeIDE_1.16.0/STM32CubeIDE/plugins/com.st.stm32cube.ide.mcu.externaltools.gnu-tools-for-stm32.12.3.rel1.win32_1.0.200.202406191623/tools/bin/../lib/gcc/arm-none-eabi/12.3.1/../../../../arm-none-eabi/lib/thumb/v7e-m+fp/hard\libm.a(libm_a-s_fabs.o)
                0x080044c8                fabs
 .text.__kernel_rem_pio2
                0x080044d8      0x6b0 C:/ST/STM32CubeIDE_1.16.0/STM32CubeIDE/plugins/com.st.stm32cube.ide.mcu.externaltools.gnu-tools-for-stm32.12.3.rel1.win32_1.0.200.202406191623/tools/bin/../lib/gcc/arm-none-eabi/12.3.1/../../../../arm-none-eabi/lib/thumb/v7e-m+fp/hard\libm.a(libm_a-k_rem_pio2.o)
                0x080044d8                __kernel_rem_pio2
 .text.scalbn   0x08004b88       0xfc C:/ST/STM32CubeIDE_1.16.0/STM32CubeIDE/plugins/com.st.stm32cube.ide.mcu.externaltools.gnu-tools-for-stm32.12.3.rel1.win32_1.0.200.202406191623/tools/bin/../lib/gcc/arm-none-eabi/12.3.1/../../../../arm-none-eabi/lib/thumb/v7e-m+fp/hard\libm.a(libm_a-s_scalbn.o)
                0x08004b88                scalbn
 *fill*         0x08004c84        0x4 
 .text.floor    0x08004c88       0xf8 C:/ST/STM32CubeIDE_1.16.0/STM32CubeIDE/plugins/com.st.stm32cube.ide.mcu.externaltools.gnu-tools-for-stm32.12.3.rel1.win32_1.0.200.202406191623/tools/bin/../lib/gcc/arm-none-eabi/12.3.1/../../../../arm-none-eabi/lib/thumb/v7e-m+fp/hard\libm.a(libm_a-s_floor.o)
                0x08004c88                floor
 *(.glue_7)
 .glue_7        0x08004d80        0x0 linker stubs
 *(.glue_7t)
 .glue_7t       0x08004d80        0x0 linker stubs
 *(.eh_frame)
 .eh_frame      0x08004d80        0x0 C:/ST/STM32CubeIDE_1.16.0/STM32CubeIDE/plugins/com.st.stm32cube.ide.mcu.externaltools.gnu-tools-for-stm32.12.3.rel1.win32_1.0.200.202406191623/tools/bin/../lib/gcc/arm-none-eabi/12.3.1/thumb/v7e-m+fp/hard/crtbegin.o
 *(.init)
 .init          0x08004d80        0x4 C:/ST/STM32CubeIDE_1.16.0/STM32CubeIDE/plugins/com.st.stm32cube.ide.mcu.externaltools.gnu-tools-for-stm32.12.3.rel1.win32_1.0.200.202406191623/tools/bin/../lib/gcc/arm-none-eabi/12.3.1/thumb/v7e-m+fp/hard/crti.o
                0x08004d80                _init
 .init          0x08004d84        0x8 C:/ST/STM32CubeIDE_1.16.0/STM32CubeIDE/plugins/com.st.stm32cube.ide.mcu.externaltools.gnu-tools-for-stm32.12.3.rel1.win32_1.0.200.202406191623/tools/bin/../lib/gcc/arm-none-eabi/12.3.1/thumb/v7e-m+fp/hard/crtn.o
 *(.fini)
 .fini          0x08004d8c        0x4 C:/ST/STM32CubeIDE_1.16.0/STM32CubeIDE/plugins/com.st.stm32cube.ide.mcu.externaltools.gnu-tools-for-stm32.12.3.rel1.win32_1.0.200.202406191623/tools/bin/../lib/gcc/arm-none-eabi/12.3.1/thumb/v7e-m+fp/hard/crti.o
                0x08004d8c                _fini
 .fini          0x08004d90        0x8 C:/ST/STM32CubeIDE_1.16.0/STM32CubeIDE/plugins/com.st.stm32cube.ide.mcu.externaltools.gnu-tools-for-stm32.12.3.rel1.win32_1.0.200.202406191623/tools/bin/../lib/gcc/arm-none-eabi/12.3.1/thumb/v7e-m+fp/hard/crtn.o
                0x08004d98                        . = ALIGN (0x4)
                0x08004d98                        _etext = .

.vfp11_veneer   0x08004d98        0x0
 .vfp11_veneer  0x08004d98        0x0 linker stubs

.v4_bx          0x08004d98        0x0
 .v4_bx         0x08004d98        0x0 linker stubs

.iplt           0x08004d98        0x0
 .iplt          0x08004d98        0x0 C:/ST/STM32CubeIDE_1.16.0/STM32CubeIDE/plugins/com.st.stm32cube.ide.mcu.externaltools.gnu-tools-for-stm32.12.3.rel1.win32_1.0.200.202406191623/tools/bin/../lib/gcc/arm-none-eabi/12.3.1/thumb/v7e-m+fp/hard/crtbegin.o

.rodata         0x08004d98      0x200
                0x08004d98                        . = ALIGN (0x4)
 *(.rodata)
 *(.rodata*)
 .rodata.OFFSET_TAB_CCMRx
                0x08004d98        0x9 ./Core/Src/tim.o
 *fill*         0x08004da1        0x3 
 .rodata.SHIFT_TAB_ICxx
                0x08004da4        0x9 ./Core/Src/tim.o
 *fill*         0x08004dad        0x3 
 .rodata.SHIFT_TAB_CCxP
                0x08004db0        0x9 ./Core/Src/tim.o
 *fill*         0x08004db9        0x3 
 .rodata.npio2_hw
                0x08004dbc       0x80 C:/ST/STM32CubeIDE_1.16.0/STM32CubeIDE/plugins/com.st.stm32cube.ide.mcu.externaltools.gnu-tools-for-stm32.12.3.rel1.win32_1.0.200.202406191623/tools/bin/../lib/gcc/arm-none-eabi/12.3.1/../../../../arm-none-eabi/lib/thumb/v7e-m+fp/hard\libm.a(libm_a-e_rem_pio2.o)
 .rodata.two_over_pi
                0x08004e3c      0x108 C:/ST/STM32CubeIDE_1.16.0/STM32CubeIDE/plugins/com.st.stm32cube.ide.mcu.externaltools.gnu-tools-for-stm32.12.3.rel1.win32_1.0.200.202406191623/tools/bin/../lib/gcc/arm-none-eabi/12.3.1/../../../../arm-none-eabi/lib/thumb/v7e-m+fp/hard\libm.a(libm_a-e_rem_pio2.o)
 *fill*         0x08004f44        0x4 
 .rodata.PIo2   0x08004f48       0x40 C:/ST/STM32CubeIDE_1.16.0/STM32CubeIDE/plugins/com.st.stm32cube.ide.mcu.externaltools.gnu-tools-for-stm32.12.3.rel1.win32_1.0.200.202406191623/tools/bin/../lib/gcc/arm-none-eabi/12.3.1/../../../../arm-none-eabi/lib/thumb/v7e-m+fp/hard\libm.a(libm_a-k_rem_pio2.o)
 .rodata.init_jk
                0x08004f88       0x10 C:/ST/STM32CubeIDE_1.16.0/STM32CubeIDE/plugins/com.st.stm32cube.ide.mcu.externaltools.gnu-tools-for-stm32.12.3.rel1.win32_1.0.200.202406191623/tools/bin/../lib/gcc/arm-none-eabi/12.3.1/../../../../arm-none-eabi/lib/thumb/v7e-m+fp/hard\libm.a(libm_a-k_rem_pio2.o)
                0x08004f98                        . = ALIGN (0x4)

.ARM.extab      0x08004f98        0x0
                0x08004f98                        . = ALIGN (0x4)
 *(.ARM.extab* .gnu.linkonce.armextab.*)
                0x08004f98                        . = ALIGN (0x4)

.ARM            0x08004f98        0x0
                0x08004f98                        . = ALIGN (0x4)
                0x08004f98                        __exidx_start = .
 *(.ARM.exidx*)
                0x08004f98                        __exidx_end = .
                0x08004f98                        . = ALIGN (0x4)

.preinit_array  0x08004f98        0x0
                0x08004f98                        . = ALIGN (0x4)
                0x08004f98                        PROVIDE (__preinit_array_start = .)
 *(.preinit_array*)
                0x08004f98                        PROVIDE (__preinit_array_end = .)
                0x08004f98                        . = ALIGN (0x4)

.init_array     0x08004f98        0x4
                0x08004f98                        . = ALIGN (0x4)
                0x08004f98                        PROVIDE (__init_array_start = .)
 *(SORT_BY_NAME(.init_array.*))
 *(.init_array*)
 .init_array    0x08004f98        0x4 C:/ST/STM32CubeIDE_1.16.0/STM32CubeIDE/plugins/com.st.stm32cube.ide.mcu.externaltools.gnu-tools-for-stm32.12.3.rel1.win32_1.0.200.202406191623/tools/bin/../lib/gcc/arm-none-eabi/12.3.1/thumb/v7e-m+fp/hard/crtbegin.o
                0x08004f9c                        PROVIDE (__init_array_end = .)
                0x08004f9c                        . = ALIGN (0x4)

.fini_array     0x08004f9c        0x4
                0x08004f9c                        . = ALIGN (0x4)
                [!provide]                        PROVIDE (__fini_array_start = .)
 *(SORT_BY_NAME(.fini_array.*))
 *(.fini_array*)
 .fini_array    0x08004f9c        0x4 C:/ST/STM32CubeIDE_1.16.0/STM32CubeIDE/plugins/com.st.stm32cube.ide.mcu.externaltools.gnu-tools-for-stm32.12.3.rel1.win32_1.0.200.202406191623/tools/bin/../lib/gcc/arm-none-eabi/12.3.1/thumb/v7e-m+fp/hard/crtbegin.o
                [!provide]                        PROVIDE (__fini_array_end = .)
                0x08004fa0                        . = ALIGN (0x4)
                0x08004fa0                        _sidata = LOADADDR (.data)

.rel.dyn        0x08004fa0        0x0
 .rel.iplt      0x08004fa0        0x0 C:/ST/STM32CubeIDE_1.16.0/STM32CubeIDE/plugins/com.st.stm32cube.ide.mcu.externaltools.gnu-tools-for-stm32.12.3.rel1.win32_1.0.200.202406191623/tools/bin/../lib/gcc/arm-none-eabi/12.3.1/thumb/v7e-m+fp/hard/crtbegin.o

.data           0x20000000       0x24 load address 0x08004fa0
                0x20000000                        . = ALIGN (0x4)
                0x20000000                        _sdata = .
 *(.data)
 *(.data*)
 .data.R        0x20000000        0x4 ./Core/Lib/Odometrija/odometrija.o
 .data.b        0x20000004        0x4 ./Core/Lib/Odometrija/odometrija.o
 .data.kp1      0x20000008        0x4 ./Core/Lib/PID/pid.o
 .data.ki1      0x2000000c        0x4 ./Core/Lib/PID/pid.o
 .data.kp2      0x20000010        0x4 ./Core/Lib/PID/pid.o
 .data.ki2      0x20000014        0x4 ./Core/Lib/PID/pid.o
 .data.SystemCoreClock
                0x20000018        0x4 ./Core/Src/system_stm32l4xx.o
                0x20000018                SystemCoreClock
 .data.uwTickPrio
                0x2000001c        0x4 ./Drivers/STM32L4xx_HAL_Driver/Src/stm32l4xx_hal.o
                0x2000001c                uwTickPrio
 .data.uwTickFreq
                0x20000020        0x1 ./Drivers/STM32L4xx_HAL_Driver/Src/stm32l4xx_hal.o
                0x20000020                uwTickFreq
 *(.RamFunc)
 *(.RamFunc*)
                0x20000024                        . = ALIGN (0x4)
 *fill*         0x20000021        0x3 
                0x20000024                        _edata = .

.igot.plt       0x20000024        0x0 load address 0x08004fc4
 .igot.plt      0x20000024        0x0 C:/ST/STM32CubeIDE_1.16.0/STM32CubeIDE/plugins/com.st.stm32cube.ide.mcu.externaltools.gnu-tools-for-stm32.12.3.rel1.win32_1.0.200.202406191623/tools/bin/../lib/gcc/arm-none-eabi/12.3.1/thumb/v7e-m+fp/hard/crtbegin.o
                0x20000024                        . = ALIGN (0x4)

.bss            0x20000024      0x12c load address 0x08004fc4
                0x20000024                        _sbss = .
                0x20000024                        __bss_start__ = _sbss
 *(.bss)
 .bss           0x20000024       0x1c C:/ST/STM32CubeIDE_1.16.0/STM32CubeIDE/plugins/com.st.stm32cube.ide.mcu.externaltools.gnu-tools-for-stm32.12.3.rel1.win32_1.0.200.202406191623/tools/bin/../lib/gcc/arm-none-eabi/12.3.1/thumb/v7e-m+fp/hard/crtbegin.o
 *(.bss*)
 .bss.vd_inc    0x20000040        0x2 ./Core/Lib/Odometrija/odometrija.o
 .bss.vl_inc    0x20000042        0x2 ./Core/Lib/Odometrija/odometrija.o
 .bss.vd        0x20000044        0x4 ./Core/Lib/Odometrija/odometrija.o
 .bss.vl        0x20000048        0x4 ./Core/Lib/Odometrija/odometrija.o
 .bss.vd_mm     0x2000004c        0x4 ./Core/Lib/Odometrija/odometrija.o
 .bss.vl_mm     0x20000050        0x4 ./Core/Lib/Odometrija/odometrija.o
 .bss.V         0x20000054        0x4 ./Core/Lib/Odometrija/odometrija.o
 .bss.w         0x20000058        0x4 ./Core/Lib/Odometrija/odometrija.o
 .bss.fi        0x2000005c        0x4 ./Core/Lib/Odometrija/odometrija.o
 .bss.fi_deg    0x20000060        0x4 ./Core/Lib/Odometrija/odometrija.o
 .bss.x         0x20000064        0x4 ./Core/Lib/Odometrija/odometrija.o
 .bss.y         0x20000068        0x4 ./Core/Lib/Odometrija/odometrija.o
 .bss.inc2mm    0x2000006c        0x4 ./Core/Lib/Odometrija/odometrija.o
 .bss.e_m1      0x20000070        0x4 ./Core/Lib/PID/pid.o
 .bss.e_pre_m1  0x20000074        0x4 ./Core/Lib/PID/pid.o
 .bss.merena_m1
                0x20000078        0x4 ./Core/Lib/PID/pid.o
 .bss.u_p_m1    0x2000007c        0x4 ./Core/Lib/PID/pid.o
 .bss.u_i_m1    0x20000080        0x4 ./Core/Lib/PID/pid.o
 .bss.u_m1      0x20000084        0x4 ./Core/Lib/PID/pid.o
 .bss.e_m2      0x20000088        0x4 ./Core/Lib/PID/pid.o
 .bss.e_pre_m2  0x2000008c        0x4 ./Core/Lib/PID/pid.o
 .bss.merena_m2
                0x20000090        0x4 ./Core/Lib/PID/pid.o
 .bss.u_p_m2    0x20000094        0x4 ./Core/Lib/PID/pid.o
 .bss.u_i_m2    0x20000098        0x4 ./Core/Lib/PID/pid.o
 .bss.u_m2      0x2000009c        0x4 ./Core/Lib/PID/pid.o
 .bss.temp_pid  0x200000a0        0x2 ./Core/Lib/PID/pid.o
 .bss.temp_pid_2
                0x200000a2        0x2 ./Core/Lib/PID/pid.o
 .bss.smer      0x200000a4        0x1 ./Core/Lib/PID/pid.o
 *fill*         0x200000a5        0x3 
 .bss.sys_time  0x200000a8        0x4 ./Core/Src/stm32l4xx_it.o
                0x200000a8                sys_time
 .bss.cinc      0x200000ac        0x4 ./Core/Src/stm32l4xx_it.o
                0x200000ac                cinc
 .bss.ir1       0x200000b0        0x2 ./Core/Src/stm32l4xx_it.o
                0x200000b0                ir1
 .bss.ir2       0x200000b2        0x2 ./Core/Src/stm32l4xx_it.o
                0x200000b2                ir2
 .bss.htim15    0x200000b4       0x4c ./Core/Src/tim.o
                0x200000b4                htim15
 .bss.htim16    0x20000100       0x4c ./Core/Src/tim.o
                0x20000100                htim16
 .bss.uwTick    0x2000014c        0x4 ./Drivers/STM32L4xx_HAL_Driver/Src/stm32l4xx_hal.o
                0x2000014c                uwTick
 *(COMMON)
                0x20000150                        . = ALIGN (0x4)
                0x20000150                        _ebss = .
                0x20000150                        __bss_end__ = _ebss

._user_heap_stack
                0x20000150      0x600 load address 0x08004fc4
                0x20000150                        . = ALIGN (0x8)
                [!provide]                        PROVIDE (end = .)
                0x20000150                        PROVIDE (_end = .)
                0x20000350                        . = (. + _Min_Heap_Size)
 *fill*         0x20000150      0x200 
                0x20000750                        . = (. + _Min_Stack_Size)
 *fill*         0x20000350      0x400 
                0x20000750                        . = ALIGN (0x8)

/DISCARD/
 libc.a(*)
 libm.a(*)
 libgcc.a(*)

.ARM.attributes
                0x00000000       0x30
 *(.ARM.attributes)
 .ARM.attributes
                0x00000000       0x22 C:/ST/STM32CubeIDE_1.16.0/STM32CubeIDE/plugins/com.st.stm32cube.ide.mcu.externaltools.gnu-tools-for-stm32.12.3.rel1.win32_1.0.200.202406191623/tools/bin/../lib/gcc/arm-none-eabi/12.3.1/thumb/v7e-m+fp/hard/crti.o
 .ARM.attributes
                0x00000022       0x34 C:/ST/STM32CubeIDE_1.16.0/STM32CubeIDE/plugins/com.st.stm32cube.ide.mcu.externaltools.gnu-tools-for-stm32.12.3.rel1.win32_1.0.200.202406191623/tools/bin/../lib/gcc/arm-none-eabi/12.3.1/thumb/v7e-m+fp/hard/crtbegin.o
 .ARM.attributes
                0x00000056       0x34 ./Core/Lib/Motori/motori.o
 .ARM.attributes
                0x0000008a       0x34 ./Core/Lib/Odometrija/odometrija.o
 .ARM.attributes
                0x000000be       0x34 ./Core/Lib/PID/pid.o
 .ARM.attributes
                0x000000f2       0x34 ./Core/Src/gpio.o
 .ARM.attributes
                0x00000126       0x34 ./Core/Src/main.o
 .ARM.attributes
                0x0000015a       0x34 ./Core/Src/stm32l4xx_hal_msp.o
 .ARM.attributes
                0x0000018e       0x34 ./Core/Src/stm32l4xx_it.o
 .ARM.attributes
                0x000001c2       0x34 ./Core/Src/system_stm32l4xx.o
 .ARM.attributes
                0x000001f6       0x34 ./Core/Src/tim.o
 .ARM.attributes
                0x0000022a       0x21 ./Core/Startup/startup_stm32l432kcux.o
 .ARM.attributes
                0x0000024b       0x34 ./Drivers/STM32L4xx_HAL_Driver/Src/stm32l4xx_hal.o
 .ARM.attributes
                0x0000027f       0x34 ./Drivers/STM32L4xx_HAL_Driver/Src/stm32l4xx_hal_cortex.o
 .ARM.attributes
                0x000002b3       0x34 ./Drivers/STM32L4xx_HAL_Driver/Src/stm32l4xx_hal_gpio.o
 .ARM.attributes
                0x000002e7       0x34 ./Drivers/STM32L4xx_HAL_Driver/Src/stm32l4xx_hal_tim.o
 .ARM.attributes
                0x0000031b       0x34 ./Drivers/STM32L4xx_HAL_Driver/Src/stm32l4xx_hal_tim_ex.o
 .ARM.attributes
                0x0000034f       0x34 ./Drivers/STM32L4xx_HAL_Driver/Src/stm32l4xx_ll_gpio.o
 .ARM.attributes
                0x00000383       0x34 ./Drivers/STM32L4xx_HAL_Driver/Src/stm32l4xx_ll_tim.o
 .ARM.attributes
                0x000003b7       0x34 ./Drivers/STM32L4xx_HAL_Driver/Src/stm32l4xx_ll_utils.o
 .ARM.attributes
                0x000003eb       0x34 C:/ST/STM32CubeIDE_1.16.0/STM32CubeIDE/plugins/com.st.stm32cube.ide.mcu.externaltools.gnu-tools-for-stm32.12.3.rel1.win32_1.0.200.202406191623/tools/bin/../lib/gcc/arm-none-eabi/12.3.1/../../../../arm-none-eabi/lib/thumb/v7e-m+fp/hard\libc_nano.a(libc_a-memset.o)
 .ARM.attributes
                0x0000041f       0x34 C:/ST/STM32CubeIDE_1.16.0/STM32CubeIDE/plugins/com.st.stm32cube.ide.mcu.externaltools.gnu-tools-for-stm32.12.3.rel1.win32_1.0.200.202406191623/tools/bin/../lib/gcc/arm-none-eabi/12.3.1/../../../../arm-none-eabi/lib/thumb/v7e-m+fp/hard\libc_nano.a(libc_a-init.o)
 .ARM.attributes
                0x00000453       0x34 C:/ST/STM32CubeIDE_1.16.0/STM32CubeIDE/plugins/com.st.stm32cube.ide.mcu.externaltools.gnu-tools-for-stm32.12.3.rel1.win32_1.0.200.202406191623/tools/bin/../lib/gcc/arm-none-eabi/12.3.1/../../../../arm-none-eabi/lib/thumb/v7e-m+fp/hard\libm.a(libm_a-s_cos.o)
 .ARM.attributes
                0x00000487       0x34 C:/ST/STM32CubeIDE_1.16.0/STM32CubeIDE/plugins/com.st.stm32cube.ide.mcu.externaltools.gnu-tools-for-stm32.12.3.rel1.win32_1.0.200.202406191623/tools/bin/../lib/gcc/arm-none-eabi/12.3.1/../../../../arm-none-eabi/lib/thumb/v7e-m+fp/hard\libm.a(libm_a-s_sin.o)
 .ARM.attributes
                0x000004bb       0x34 C:/ST/STM32CubeIDE_1.16.0/STM32CubeIDE/plugins/com.st.stm32cube.ide.mcu.externaltools.gnu-tools-for-stm32.12.3.rel1.win32_1.0.200.202406191623/tools/bin/../lib/gcc/arm-none-eabi/12.3.1/../../../../arm-none-eabi/lib/thumb/v7e-m+fp/hard\libm.a(libm_a-k_cos.o)
 .ARM.attributes
                0x000004ef       0x34 C:/ST/STM32CubeIDE_1.16.0/STM32CubeIDE/plugins/com.st.stm32cube.ide.mcu.externaltools.gnu-tools-for-stm32.12.3.rel1.win32_1.0.200.202406191623/tools/bin/../lib/gcc/arm-none-eabi/12.3.1/../../../../arm-none-eabi/lib/thumb/v7e-m+fp/hard\libm.a(libm_a-k_sin.o)
 .ARM.attributes
                0x00000523       0x34 C:/ST/STM32CubeIDE_1.16.0/STM32CubeIDE/plugins/com.st.stm32cube.ide.mcu.externaltools.gnu-tools-for-stm32.12.3.rel1.win32_1.0.200.202406191623/tools/bin/../lib/gcc/arm-none-eabi/12.3.1/../../../../arm-none-eabi/lib/thumb/v7e-m+fp/hard\libm.a(libm_a-e_rem_pio2.o)
 .ARM.attributes
                0x00000557       0x34 C:/ST/STM32CubeIDE_1.16.0/STM32CubeIDE/plugins/com.st.stm32cube.ide.mcu.externaltools.gnu-tools-for-stm32.12.3.rel1.win32_1.0.200.202406191623/tools/bin/../lib/gcc/arm-none-eabi/12.3.1/../../../../arm-none-eabi/lib/thumb/v7e-m+fp/hard\libm.a(libm_a-s_fabs.o)
 .ARM.attributes
                0x0000058b       0x34 C:/ST/STM32CubeIDE_1.16.0/STM32CubeIDE/plugins/com.st.stm32cube.ide.mcu.externaltools.gnu-tools-for-stm32.12.3.rel1.win32_1.0.200.202406191623/tools/bin/../lib/gcc/arm-none-eabi/12.3.1/../../../../arm-none-eabi/lib/thumb/v7e-m+fp/hard\libm.a(libm_a-k_rem_pio2.o)
 .ARM.attributes
                0x000005bf       0x34 C:/ST/STM32CubeIDE_1.16.0/STM32CubeIDE/plugins/com.st.stm32cube.ide.mcu.externaltools.gnu-tools-for-stm32.12.3.rel1.win32_1.0.200.202406191623/tools/bin/../lib/gcc/arm-none-eabi/12.3.1/../../../../arm-none-eabi/lib/thumb/v7e-m+fp/hard\libm.a(libm_a-s_scalbn.o)
 .ARM.attributes
                0x000005f3       0x34 C:/ST/STM32CubeIDE_1.16.0/STM32CubeIDE/plugins/com.st.stm32cube.ide.mcu.externaltools.gnu-tools-for-stm32.12.3.rel1.win32_1.0.200.202406191623/tools/bin/../lib/gcc/arm-none-eabi/12.3.1/../../../../arm-none-eabi/lib/thumb/v7e-m+fp/hard\libm.a(libm_a-s_floor.o)
 .ARM.attributes
                0x00000627       0x22 C:/ST/STM32CubeIDE_1.16.0/STM32CubeIDE/plugins/com.st.stm32cube.ide.mcu.externaltools.gnu-tools-for-stm32.12.3.rel1.win32_1.0.200.202406191623/tools/bin/../lib/gcc/arm-none-eabi/12.3.1/thumb/v7e-m+fp/hard\libgcc.a(_arm_addsubdf3.o)
 .ARM.attributes
                0x00000649       0x22 C:/ST/STM32CubeIDE_1.16.0/STM32CubeIDE/plugins/com.st.stm32cube.ide.mcu.externaltools.gnu-tools-for-stm32.12.3.rel1.win32_1.0.200.202406191623/tools/bin/../lib/gcc/arm-none-eabi/12.3.1/thumb/v7e-m+fp/hard\libgcc.a(_arm_muldivdf3.o)
 .ARM.attributes
                0x0000066b       0x22 C:/ST/STM32CubeIDE_1.16.0/STM32CubeIDE/plugins/com.st.stm32cube.ide.mcu.externaltools.gnu-tools-for-stm32.12.3.rel1.win32_1.0.200.202406191623/tools/bin/../lib/gcc/arm-none-eabi/12.3.1/thumb/v7e-m+fp/hard\libgcc.a(_arm_cmpdf2.o)
 .ARM.attributes
                0x0000068d       0x22 C:/ST/STM32CubeIDE_1.16.0/STM32CubeIDE/plugins/com.st.stm32cube.ide.mcu.externaltools.gnu-tools-for-stm32.12.3.rel1.win32_1.0.200.202406191623/tools/bin/../lib/gcc/arm-none-eabi/12.3.1/thumb/v7e-m+fp/hard\libgcc.a(_arm_fixdfsi.o)
 .ARM.attributes
                0x000006af       0x22 C:/ST/STM32CubeIDE_1.16.0/STM32CubeIDE/plugins/com.st.stm32cube.ide.mcu.externaltools.gnu-tools-for-stm32.12.3.rel1.win32_1.0.200.202406191623/tools/bin/../lib/gcc/arm-none-eabi/12.3.1/thumb/v7e-m+fp/hard\libgcc.a(_arm_fixunsdfsi.o)
 .ARM.attributes
                0x000006d1       0x22 C:/ST/STM32CubeIDE_1.16.0/STM32CubeIDE/plugins/com.st.stm32cube.ide.mcu.externaltools.gnu-tools-for-stm32.12.3.rel1.win32_1.0.200.202406191623/tools/bin/../lib/gcc/arm-none-eabi/12.3.1/thumb/v7e-m+fp/hard\libgcc.a(_arm_truncdfsf2.o)
 .ARM.attributes
                0x000006f3       0x22 C:/ST/STM32CubeIDE_1.16.0/STM32CubeIDE/plugins/com.st.stm32cube.ide.mcu.externaltools.gnu-tools-for-stm32.12.3.rel1.win32_1.0.200.202406191623/tools/bin/../lib/gcc/arm-none-eabi/12.3.1/thumb/v7e-m+fp/hard/crtn.o
OUTPUT(zaSime.elf elf32-littlearm)
LOAD linker stubs
LOAD C:/ST/STM32CubeIDE_1.16.0/STM32CubeIDE/plugins/com.st.stm32cube.ide.mcu.externaltools.gnu-tools-for-stm32.12.3.rel1.win32_1.0.200.202406191623/tools/bin/../lib/gcc/arm-none-eabi/12.3.1/../../../../arm-none-eabi/lib/thumb/v7e-m+fp/hard\libc.a
LOAD C:/ST/STM32CubeIDE_1.16.0/STM32CubeIDE/plugins/com.st.stm32cube.ide.mcu.externaltools.gnu-tools-for-stm32.12.3.rel1.win32_1.0.200.202406191623/tools/bin/../lib/gcc/arm-none-eabi/12.3.1/../../../../arm-none-eabi/lib/thumb/v7e-m+fp/hard\libm.a
LOAD C:/ST/STM32CubeIDE_1.16.0/STM32CubeIDE/plugins/com.st.stm32cube.ide.mcu.externaltools.gnu-tools-for-stm32.12.3.rel1.win32_1.0.200.202406191623/tools/bin/../lib/gcc/arm-none-eabi/12.3.1/thumb/v7e-m+fp/hard\libgcc.a

.debug_info     0x00000000     0xd3f5
 .debug_info    0x00000000      0x860 ./Core/Lib/Motori/motori.o
 .debug_info    0x00000860      0x359 ./Core/Lib/Odometrija/odometrija.o
 .debug_info    0x00000bb9      0xabf ./Core/Lib/PID/pid.o
 .debug_info    0x00001678      0x509 ./Core/Src/gpio.o
 .debug_info    0x00001b81      0x9fb ./Core/Src/main.o
 .debug_info    0x0000257c      0x37c ./Core/Src/stm32l4xx_hal_msp.o
 .debug_info    0x000028f8      0x548 ./Core/Src/stm32l4xx_it.o
 .debug_info    0x00002e40      0x5bf ./Core/Src/system_stm32l4xx.o
 .debug_info    0x000033ff     0x19fa ./Core/Src/tim.o
 .debug_info    0x00004df9       0x30 ./Core/Startup/startup_stm32l432kcux.o
 .debug_info    0x00004e29      0x99e ./Drivers/STM32L4xx_HAL_Driver/Src/stm32l4xx_hal.o
 .debug_info    0x000057c7      0xd03 ./Drivers/STM32L4xx_HAL_Driver/Src/stm32l4xx_hal_cortex.o
 .debug_info    0x000064ca      0x757 ./Drivers/STM32L4xx_HAL_Driver/Src/stm32l4xx_hal_gpio.o
 .debug_info    0x00006c21     0x2a9a ./Drivers/STM32L4xx_HAL_Driver/Src/stm32l4xx_hal_tim.o
 .debug_info    0x000096bb     0x169e ./Drivers/STM32L4xx_HAL_Driver/Src/stm32l4xx_hal_tim_ex.o
 .debug_info    0x0000ad59      0x952 ./Drivers/STM32L4xx_HAL_Driver/Src/stm32l4xx_ll_gpio.o
 .debug_info    0x0000b6ab     0x1163 ./Drivers/STM32L4xx_HAL_Driver/Src/stm32l4xx_ll_tim.o
 .debug_info    0x0000c80e      0xbe7 ./Drivers/STM32L4xx_HAL_Driver/Src/stm32l4xx_ll_utils.o

.debug_abbrev   0x00000000     0x22e7
 .debug_abbrev  0x00000000      0x1d6 ./Core/Lib/Motori/motori.o
 .debug_abbrev  0x000001d6       0xfc ./Core/Lib/Odometrija/odometrija.o
 .debug_abbrev  0x000002d2      0x2df ./Core/Lib/PID/pid.o
 .debug_abbrev  0x000005b1      0x198 ./Core/Src/gpio.o
 .debug_abbrev  0x00000749      0x21c ./Core/Src/main.o
 .debug_abbrev  0x00000965       0xdd ./Core/Src/stm32l4xx_hal_msp.o
 .debug_abbrev  0x00000a42      0x1ab ./Core/Src/stm32l4xx_it.o
 .debug_abbrev  0x00000bed      0x11a ./Core/Src/system_stm32l4xx.o
 .debug_abbrev  0x00000d07      0x314 ./Core/Src/tim.o
 .debug_abbrev  0x0000101b       0x24 ./Core/Startup/startup_stm32l432kcux.o
 .debug_abbrev  0x0000103f      0x225 ./Drivers/STM32L4xx_HAL_Driver/Src/stm32l4xx_hal.o
 .debug_abbrev  0x00001264      0x31c ./Drivers/STM32L4xx_HAL_Driver/Src/stm32l4xx_hal_cortex.o
 .debug_abbrev  0x00001580      0x1cb ./Drivers/STM32L4xx_HAL_Driver/Src/stm32l4xx_hal_gpio.o
 .debug_abbrev  0x0000174b      0x278 ./Drivers/STM32L4xx_HAL_Driver/Src/stm32l4xx_hal_tim.o
 .debug_abbrev  0x000019c3      0x283 ./Drivers/STM32L4xx_HAL_Driver/Src/stm32l4xx_hal_tim_ex.o
 .debug_abbrev  0x00001c46      0x235 ./Drivers/STM32L4xx_HAL_Driver/Src/stm32l4xx_ll_gpio.o
 .debug_abbrev  0x00001e7b      0x20d ./Drivers/STM32L4xx_HAL_Driver/Src/stm32l4xx_ll_tim.o
 .debug_abbrev  0x00002088      0x25f ./Drivers/STM32L4xx_HAL_Driver/Src/stm32l4xx_ll_utils.o

.debug_aranges  0x00000000      0xf00
 .debug_aranges
                0x00000000       0x40 ./Core/Lib/Motori/motori.o
 .debug_aranges
                0x00000040       0x58 ./Core/Lib/Odometrija/odometrija.o
 .debug_aranges
                0x00000098       0xb8 ./Core/Lib/PID/pid.o
 .debug_aranges
                0x00000150       0x30 ./Core/Src/gpio.o
 .debug_aranges
                0x00000180       0xc0 ./Core/Src/main.o
 .debug_aranges
                0x00000240       0x20 ./Core/Src/stm32l4xx_hal_msp.o
 .debug_aranges
                0x00000260       0x80 ./Core/Src/stm32l4xx_it.o
 .debug_aranges
                0x000002e0       0x28 ./Core/Src/system_stm32l4xx.o
 .debug_aranges
                0x00000308      0x100 ./Core/Src/tim.o
 .debug_aranges
                0x00000408       0x28 ./Core/Startup/startup_stm32l432kcux.o
 .debug_aranges
                0x00000430      0x108 ./Drivers/STM32L4xx_HAL_Driver/Src/stm32l4xx_hal.o
 .debug_aranges
                0x00000538      0x128 ./Drivers/STM32L4xx_HAL_Driver/Src/stm32l4xx_hal_cortex.o
 .debug_aranges
                0x00000660       0x58 ./Drivers/STM32L4xx_HAL_Driver/Src/stm32l4xx_hal_gpio.o
 .debug_aranges
                0x000006b8      0x3e0 ./Drivers/STM32L4xx_HAL_Driver/Src/stm32l4xx_hal_tim.o
 .debug_aranges
                0x00000a98      0x180 ./Drivers/STM32L4xx_HAL_Driver/Src/stm32l4xx_hal_tim_ex.o
 .debug_aranges
                0x00000c18       0x70 ./Drivers/STM32L4xx_HAL_Driver/Src/stm32l4xx_ll_gpio.o
 .debug_aranges
                0x00000c88      0x148 ./Drivers/STM32L4xx_HAL_Driver/Src/stm32l4xx_ll_tim.o
 .debug_aranges
                0x00000dd0      0x130 ./Drivers/STM32L4xx_HAL_Driver/Src/stm32l4xx_ll_utils.o

.debug_rnglists
                0x00000000      0xb79
 .debug_rnglists
                0x00000000       0x2b ./Core/Lib/Motori/motori.o
 .debug_rnglists
                0x0000002b       0x3f ./Core/Lib/Odometrija/odometrija.o
 .debug_rnglists
                0x0000006a       0x91 ./Core/Lib/PID/pid.o
 .debug_rnglists
                0x000000fb       0x20 ./Core/Src/gpio.o
 .debug_rnglists
                0x0000011b       0x8c ./Core/Src/main.o
 .debug_rnglists
                0x000001a7       0x13 ./Core/Src/stm32l4xx_hal_msp.o
 .debug_rnglists
                0x000001ba       0x5c ./Core/Src/stm32l4xx_it.o
 .debug_rnglists
                0x00000216       0x1a ./Core/Src/system_stm32l4xx.o
 .debug_rnglists
                0x00000230       0xc4 ./Core/Src/tim.o
 .debug_rnglists
                0x000002f4       0x19 ./Core/Startup/startup_stm32l432kcux.o
 .debug_rnglists
                0x0000030d       0xc1 ./Drivers/STM32L4xx_HAL_Driver/Src/stm32l4xx_hal.o
 .debug_rnglists
                0x000003ce       0xda ./Drivers/STM32L4xx_HAL_Driver/Src/stm32l4xx_hal_cortex.o
 .debug_rnglists
                0x000004a8       0x3f ./Drivers/STM32L4xx_HAL_Driver/Src/stm32l4xx_hal_gpio.o
 .debug_rnglists
                0x000004e7      0x328 ./Drivers/STM32L4xx_HAL_Driver/Src/stm32l4xx_hal_tim.o
 .debug_rnglists
                0x0000080f      0x139 ./Drivers/STM32L4xx_HAL_Driver/Src/stm32l4xx_hal_tim_ex.o
 .debug_rnglists
                0x00000948       0x51 ./Drivers/STM32L4xx_HAL_Driver/Src/stm32l4xx_ll_gpio.o
 .debug_rnglists
                0x00000999       0xfe ./Drivers/STM32L4xx_HAL_Driver/Src/stm32l4xx_ll_tim.o
 .debug_rnglists
                0x00000a97       0xe2 ./Drivers/STM32L4xx_HAL_Driver/Src/stm32l4xx_ll_utils.o

.debug_macro    0x00000000    0x2359b
 .debug_macro   0x00000000      0x1bf ./Core/Lib/Motori/motori.o
 .debug_macro   0x000001bf      0xaba ./Core/Lib/Motori/motori.o
 .debug_macro   0x00000c79      0x1a1 ./Core/Lib/Motori/motori.o
 .debug_macro   0x00000e1a       0x2e ./Core/Lib/Motori/motori.o
 .debug_macro   0x00000e48       0x28 ./Core/Lib/Motori/motori.o
 .debug_macro   0x00000e70       0x22 ./Core/Lib/Motori/motori.o
 .debug_macro   0x00000e92       0x8e ./Core/Lib/Motori/motori.o
 .debug_macro   0x00000f20       0x51 ./Core/Lib/Motori/motori.o
 .debug_macro   0x00000f71      0x103 ./Core/Lib/Motori/motori.o
 .debug_macro   0x00001074       0x6a ./Core/Lib/Motori/motori.o
 .debug_macro   0x000010de      0x1df ./Core/Lib/Motori/motori.o
 .debug_macro   0x000012bd       0x1c ./Core/Lib/Motori/motori.o
 .debug_macro   0x000012d9       0x22 ./Core/Lib/Motori/motori.o
 .debug_macro   0x000012fb       0xfb ./Core/Lib/Motori/motori.o
 .debug_macro   0x000013f6     0x1011 ./Core/Lib/Motori/motori.o
 .debug_macro   0x00002407      0x11f ./Core/Lib/Motori/motori.o
 .debug_macro   0x00002526    0x147a6 ./Core/Lib/Motori/motori.o
 .debug_macro   0x00016ccc       0x6d ./Core/Lib/Motori/motori.o
 .debug_macro   0x00016d39     0x38fb ./Core/Lib/Motori/motori.o
 .debug_macro   0x0001a634      0x189 ./Core/Lib/Motori/motori.o
 .debug_macro   0x0001a7bd       0x5c ./Core/Lib/Motori/motori.o
 .debug_macro   0x0001a819     0x11ca ./Core/Lib/Motori/motori.o
 .debug_macro   0x0001b9e3      0x53c ./Core/Lib/Motori/motori.o
 .debug_macro   0x0001bf1f      0x1b9 ./Core/Lib/Motori/motori.o
 .debug_macro   0x0001c0d8      0x122 ./Core/Lib/Motori/motori.o
 .debug_macro   0x0001c1fa      0x26b ./Core/Lib/Motori/motori.o
 .debug_macro   0x0001c465      0x23d ./Core/Lib/Motori/motori.o
 .debug_macro   0x0001c6a2      0x241 ./Core/Lib/Motori/motori.o
 .debug_macro   0x0001c8e3      0x375 ./Core/Lib/Motori/motori.o
 .debug_macro   0x0001cc58       0xd6 ./Core/Lib/Motori/motori.o
 .debug_macro   0x0001cd2e      0x122 ./Core/Lib/Motori/motori.o
 .debug_macro   0x0001ce50      0x356 ./Core/Lib/Motori/motori.o
 .debug_macro   0x0001d1a6      0xa98 ./Core/Lib/Motori/motori.o
 .debug_macro   0x0001dc3e      0x12d ./Core/Lib/Motori/motori.o
 .debug_macro   0x0001dd6b      0x220 ./Core/Lib/Motori/motori.o
 .debug_macro   0x0001df8b      0x169 ./Core/Lib/Motori/motori.o
 .debug_macro   0x0001e0f4      0x2dc ./Core/Lib/Odometrija/odometrija.o
 .debug_macro   0x0001e3d0       0xd0 ./Core/Lib/Odometrija/odometrija.o
 .debug_macro   0x0001e4a0      0x75c ./Core/Lib/Odometrija/odometrija.o
 .debug_macro   0x0001ebfc      0x146 ./Core/Lib/Odometrija/odometrija.o
 .debug_macro   0x0001ed42      0x221 ./Core/Lib/Odometrija/odometrija.o
 .debug_macro   0x0001ef63      0x147 ./Core/Lib/Odometrija/odometrija.o
 .debug_macro   0x0001f0aa      0x1a6 ./Core/Lib/Odometrija/odometrija.o
 .debug_macro   0x0001f250       0xa7 ./Core/Lib/Odometrija/odometrija.o
 .debug_macro   0x0001f2f7      0x1e6 ./Core/Lib/Odometrija/odometrija.o
 .debug_macro   0x0001f4dd      0x2cb ./Core/Lib/Odometrija/odometrija.o
 .debug_macro   0x0001f7a8      0x912 ./Core/Lib/Odometrija/odometrija.o
 .debug_macro   0x000200ba       0x61 ./Core/Lib/Odometrija/odometrija.o
 .debug_macro   0x0002011b       0x2a ./Core/Lib/Odometrija/odometrija.o
 .debug_macro   0x00020145       0x43 ./Core/Lib/Odometrija/odometrija.o
 .debug_macro   0x00020188       0x34 ./Core/Lib/Odometrija/odometrija.o
 .debug_macro   0x000201bc       0x16 ./Core/Lib/Odometrija/odometrija.o
 .debug_macro   0x000201d2       0x43 ./Core/Lib/Odometrija/odometrija.o
 .debug_macro   0x00020215       0x34 ./Core/Lib/Odometrija/odometrija.o
 .debug_macro   0x00020249       0x10 ./Core/Lib/Odometrija/odometrija.o
 .debug_macro   0x00020259       0x58 ./Core/Lib/Odometrija/odometrija.o
 .debug_macro   0x000202b1       0x8e ./Core/Lib/Odometrija/odometrija.o
 .debug_macro   0x0002033f       0x1c ./Core/Lib/Odometrija/odometrija.o
 .debug_macro   0x0002035b      0x177 ./Core/Lib/Odometrija/odometrija.o
 .debug_macro   0x000204d2      0x369 ./Core/Lib/Odometrija/odometrija.o
 .debug_macro   0x0002083b      0x19b ./Core/Lib/Odometrija/odometrija.o
 .debug_macro   0x000209d6      0x2ee ./Core/Lib/PID/pid.o
 .debug_macro   0x00020cc4       0x5b ./Core/Lib/PID/pid.o
 .debug_macro   0x00020d1f       0x94 ./Core/Lib/PID/pid.o
 .debug_macro   0x00020db3       0x57 ./Core/Lib/PID/pid.o
 .debug_macro   0x00020e0a       0x56 ./Core/Lib/PID/pid.o
 .debug_macro   0x00020e60      0x223 ./Core/Src/gpio.o
 .debug_macro   0x00021083      0x245 ./Core/Src/main.o
 .debug_macro   0x000212c8      0x219 ./Core/Src/stm32l4xx_hal_msp.o
 .debug_macro   0x000214e1      0x245 ./Core/Src/stm32l4xx_it.o
 .debug_macro   0x00021726      0x1ac ./Core/Src/system_stm32l4xx.o
 .debug_macro   0x000218d2      0x22c ./Core/Src/tim.o
 .debug_macro   0x00021afe       0x22 ./Core/Src/tim.o
 .debug_macro   0x00021b20      0x1f4 ./Drivers/STM32L4xx_HAL_Driver/Src/stm32l4xx_hal.o
 .debug_macro   0x00021d14      0x1ac ./Drivers/STM32L4xx_HAL_Driver/Src/stm32l4xx_hal_cortex.o
 .debug_macro   0x00021ec0      0x1b3 ./Drivers/STM32L4xx_HAL_Driver/Src/stm32l4xx_hal_gpio.o
 .debug_macro   0x00022073      0x1ad ./Drivers/STM32L4xx_HAL_Driver/Src/stm32l4xx_hal_tim.o
 .debug_macro   0x00022220      0x1ac ./Drivers/STM32L4xx_HAL_Driver/Src/stm32l4xx_hal_tim_ex.o
 .debug_macro   0x000223cc      0x1ee ./Drivers/STM32L4xx_HAL_Driver/Src/stm32l4xx_ll_gpio.o
 .debug_macro   0x000225ba      0x163 ./Drivers/STM32L4xx_HAL_Driver/Src/stm32l4xx_ll_gpio.o
 .debug_macro   0x0002271d      0x255 ./Drivers/STM32L4xx_HAL_Driver/Src/stm32l4xx_ll_tim.o
 .debug_macro   0x00022972      0x90c ./Drivers/STM32L4xx_HAL_Driver/Src/stm32l4xx_ll_tim.o
 .debug_macro   0x0002327e      0x27c ./Drivers/STM32L4xx_HAL_Driver/Src/stm32l4xx_ll_utils.o
 .debug_macro   0x000234fa       0xa1 ./Drivers/STM32L4xx_HAL_Driver/Src/stm32l4xx_ll_utils.o

.debug_line     0x00000000    0x1002a
 .debug_line    0x00000000      0x7c4 ./Core/Lib/Motori/motori.o
 .debug_line    0x000007c4      0xa97 ./Core/Lib/Odometrija/odometrija.o
 .debug_line    0x0000125b     0x1145 ./Core/Lib/PID/pid.o
 .debug_line    0x000023a0      0x885 ./Core/Src/gpio.o
 .debug_line    0x00002c25      0xb4f ./Core/Src/main.o
 .debug_line    0x00003774      0x819 ./Core/Src/stm32l4xx_hal_msp.o
 .debug_line    0x00003f8d      0x9eb ./Core/Src/stm32l4xx_it.o
 .debug_line    0x00004978      0x7b7 ./Core/Src/system_stm32l4xx.o
 .debug_line    0x0000512f      0xf44 ./Core/Src/tim.o
 .debug_line    0x00006073       0x7a ./Core/Startup/startup_stm32l432kcux.o
 .debug_line    0x000060ed      0xa7f ./Drivers/STM32L4xx_HAL_Driver/Src/stm32l4xx_hal.o
 .debug_line    0x00006b6c      0xcdb ./Drivers/STM32L4xx_HAL_Driver/Src/stm32l4xx_hal_cortex.o
 .debug_line    0x00007847      0xb21 ./Drivers/STM32L4xx_HAL_Driver/Src/stm32l4xx_hal_gpio.o
 .debug_line    0x00008368     0x3bf1 ./Drivers/STM32L4xx_HAL_Driver/Src/stm32l4xx_hal_tim.o
 .debug_line    0x0000bf59     0x1b13 ./Drivers/STM32L4xx_HAL_Driver/Src/stm32l4xx_hal_tim_ex.o
 .debug_line    0x0000da6c      0xa2f ./Drivers/STM32L4xx_HAL_Driver/Src/stm32l4xx_ll_gpio.o
 .debug_line    0x0000e49b      0xe18 ./Drivers/STM32L4xx_HAL_Driver/Src/stm32l4xx_ll_tim.o
 .debug_line    0x0000f2b3      0xd77 ./Drivers/STM32L4xx_HAL_Driver/Src/stm32l4xx_ll_utils.o

.debug_str      0x00000000    0xd46e4
 .debug_str     0x00000000    0xbca70 ./Core/Lib/Motori/motori.o
                              0xbe01e (size before relaxing)
 .debug_str     0x000bca70    0x11d56 ./Core/Lib/Odometrija/odometrija.o
                              0xcf73e (size before relaxing)
 .debug_str     0x000ce7c6      0x44b ./Core/Lib/PID/pid.o
                              0xcfb88 (size before relaxing)
 .debug_str     0x000cec11      0x1d9 ./Core/Src/gpio.o
                              0xcbfca (size before relaxing)
 .debug_str     0x000cedea      0x2ea ./Core/Src/main.o
                              0xcc2d9 (size before relaxing)
 .debug_str     0x000cf0d4       0x2c ./Core/Src/stm32l4xx_hal_msp.o
                              0xcbee2 (size before relaxing)
 .debug_str     0x000cf100      0x126 ./Core/Src/stm32l4xx_it.o
                              0xcbfcc (size before relaxing)
 .debug_str     0x000cf226       0xe2 ./Core/Src/system_stm32l4xx.o
                              0xbd41f (size before relaxing)
 .debug_str     0x000cf308      0x87b ./Core/Src/tim.o
                              0xccf6c (size before relaxing)
 .debug_str     0x000cfb83       0x44 ./Core/Startup/startup_stm32l432kcux.o
                                 0x81 (size before relaxing)
 .debug_str     0x000cfbc7      0x576 ./Drivers/STM32L4xx_HAL_Driver/Src/stm32l4xx_hal.o
                              0xbddac (size before relaxing)
 .debug_str     0x000d013d      0x2f9 ./Drivers/STM32L4xx_HAL_Driver/Src/stm32l4xx_hal_cortex.o
                              0xbdb7f (size before relaxing)
 .debug_str     0x000d0436      0x16e ./Drivers/STM32L4xx_HAL_Driver/Src/stm32l4xx_hal_gpio.o
                              0xbd593 (size before relaxing)
 .debug_str     0x000d05a4      0xde4 ./Drivers/STM32L4xx_HAL_Driver/Src/stm32l4xx_hal_tim.o
                              0xbe75c (size before relaxing)
 .debug_str     0x000d1388      0x4ae ./Drivers/STM32L4xx_HAL_Driver/Src/stm32l4xx_hal_tim_ex.o
                              0xbe070 (size before relaxing)
 .debug_str     0x000d1836      0x65e ./Drivers/STM32L4xx_HAL_Driver/Src/stm32l4xx_ll_gpio.o
                              0xbea81 (size before relaxing)
 .debug_str     0x000d1e94     0x1ac1 ./Drivers/STM32L4xx_HAL_Driver/Src/stm32l4xx_ll_tim.o
                              0xc4160 (size before relaxing)
 .debug_str     0x000d3955      0xd8f ./Drivers/STM32L4xx_HAL_Driver/Src/stm32l4xx_ll_utils.o
                              0xc44b7 (size before relaxing)

.comment        0x00000000       0x43
 .comment       0x00000000       0x43 ./Core/Lib/Motori/motori.o
                                 0x44 (size before relaxing)
 .comment       0x00000043       0x44 ./Core/Lib/Odometrija/odometrija.o
 .comment       0x00000043       0x44 ./Core/Lib/PID/pid.o
 .comment       0x00000043       0x44 ./Core/Src/gpio.o
 .comment       0x00000043       0x44 ./Core/Src/main.o
 .comment       0x00000043       0x44 ./Core/Src/stm32l4xx_hal_msp.o
 .comment       0x00000043       0x44 ./Core/Src/stm32l4xx_it.o
 .comment       0x00000043       0x44 ./Core/Src/system_stm32l4xx.o
 .comment       0x00000043       0x44 ./Core/Src/tim.o
 .comment       0x00000043       0x44 ./Drivers/STM32L4xx_HAL_Driver/Src/stm32l4xx_hal.o
 .comment       0x00000043       0x44 ./Drivers/STM32L4xx_HAL_Driver/Src/stm32l4xx_hal_cortex.o
 .comment       0x00000043       0x44 ./Drivers/STM32L4xx_HAL_Driver/Src/stm32l4xx_hal_gpio.o
 .comment       0x00000043       0x44 ./Drivers/STM32L4xx_HAL_Driver/Src/stm32l4xx_hal_tim.o
 .comment       0x00000043       0x44 ./Drivers/STM32L4xx_HAL_Driver/Src/stm32l4xx_hal_tim_ex.o
 .comment       0x00000043       0x44 ./Drivers/STM32L4xx_HAL_Driver/Src/stm32l4xx_ll_gpio.o
 .comment       0x00000043       0x44 ./Drivers/STM32L4xx_HAL_Driver/Src/stm32l4xx_ll_tim.o
 .comment       0x00000043       0x44 ./Drivers/STM32L4xx_HAL_Driver/Src/stm32l4xx_ll_utils.o

.debug_frame    0x00000000     0x42a0
 .debug_frame   0x00000000       0xc4 ./Core/Lib/Motori/motori.o
 .debug_frame   0x000000c4      0x118 ./Core/Lib/Odometrija/odometrija.o
 .debug_frame   0x000001dc      0x2f4 ./Core/Lib/PID/pid.o
 .debug_frame   0x000004d0       0x84 ./Core/Src/gpio.o
 .debug_frame   0x00000554      0x2f0 ./Core/Src/main.o
 .debug_frame   0x00000844       0x38 ./Core/Src/stm32l4xx_hal_msp.o
 .debug_frame   0x0000087c      0x198 ./Core/Src/stm32l4xx_it.o
 .debug_frame   0x00000a14       0x58 ./Core/Src/system_stm32l4xx.o
 .debug_frame   0x00000a6c      0x478 ./Core/Src/tim.o
 .debug_frame   0x00000ee4      0x3dc ./Drivers/STM32L4xx_HAL_Driver/Src/stm32l4xx_hal.o
 .debug_frame   0x000012c0      0x4e8 ./Drivers/STM32L4xx_HAL_Driver/Src/stm32l4xx_hal_cortex.o
 .debug_frame   0x000017a8      0x14c ./Drivers/STM32L4xx_HAL_Driver/Src/stm32l4xx_hal_gpio.o
 .debug_frame   0x000018f4     0x121c ./Drivers/STM32L4xx_HAL_Driver/Src/stm32l4xx_hal_tim.o
 .debug_frame   0x00002b10      0x6b0 ./Drivers/STM32L4xx_HAL_Driver/Src/stm32l4xx_hal_tim_ex.o
 .debug_frame   0x000031c0      0x1c0 ./Drivers/STM32L4xx_HAL_Driver/Src/stm32l4xx_ll_gpio.o
 .debug_frame   0x00003380      0x5d0 ./Drivers/STM32L4xx_HAL_Driver/Src/stm32l4xx_ll_tim.o
 .debug_frame   0x00003950      0x4dc ./Drivers/STM32L4xx_HAL_Driver/Src/stm32l4xx_ll_utils.o
 .debug_frame   0x00003e2c       0x20 C:/ST/STM32CubeIDE_1.16.0/STM32CubeIDE/plugins/com.st.stm32cube.ide.mcu.externaltools.gnu-tools-for-stm32.12.3.rel1.win32_1.0.200.202406191623/tools/bin/../lib/gcc/arm-none-eabi/12.3.1/../../../../arm-none-eabi/lib/thumb/v7e-m+fp/hard\libc_nano.a(libc_a-memset.o)
 .debug_frame   0x00003e4c       0x2c C:/ST/STM32CubeIDE_1.16.0/STM32CubeIDE/plugins/com.st.stm32cube.ide.mcu.externaltools.gnu-tools-for-stm32.12.3.rel1.win32_1.0.200.202406191623/tools/bin/../lib/gcc/arm-none-eabi/12.3.1/../../../../arm-none-eabi/lib/thumb/v7e-m+fp/hard\libc_nano.a(libc_a-init.o)
 .debug_frame   0x00003e78       0x38 C:/ST/STM32CubeIDE_1.16.0/STM32CubeIDE/plugins/com.st.stm32cube.ide.mcu.externaltools.gnu-tools-for-stm32.12.3.rel1.win32_1.0.200.202406191623/tools/bin/../lib/gcc/arm-none-eabi/12.3.1/../../../../arm-none-eabi/lib/thumb/v7e-m+fp/hard\libm.a(libm_a-s_cos.o)
 .debug_frame   0x00003eb0       0x38 C:/ST/STM32CubeIDE_1.16.0/STM32CubeIDE/plugins/com.st.stm32cube.ide.mcu.externaltools.gnu-tools-for-stm32.12.3.rel1.win32_1.0.200.202406191623/tools/bin/../lib/gcc/arm-none-eabi/12.3.1/../../../../arm-none-eabi/lib/thumb/v7e-m+fp/hard\libm.a(libm_a-s_sin.o)
 .debug_frame   0x00003ee8       0x3c C:/ST/STM32CubeIDE_1.16.0/STM32CubeIDE/plugins/com.st.stm32cube.ide.mcu.externaltools.gnu-tools-for-stm32.12.3.rel1.win32_1.0.200.202406191623/tools/bin/../lib/gcc/arm-none-eabi/12.3.1/../../../../arm-none-eabi/lib/thumb/v7e-m+fp/hard\libm.a(libm_a-k_cos.o)
 .debug_frame   0x00003f24       0x40 C:/ST/STM32CubeIDE_1.16.0/STM32CubeIDE/plugins/com.st.stm32cube.ide.mcu.externaltools.gnu-tools-for-stm32.12.3.rel1.win32_1.0.200.202406191623/tools/bin/../lib/gcc/arm-none-eabi/12.3.1/../../../../arm-none-eabi/lib/thumb/v7e-m+fp/hard\libm.a(libm_a-k_sin.o)
 .debug_frame   0x00003f64       0x40 C:/ST/STM32CubeIDE_1.16.0/STM32CubeIDE/plugins/com.st.stm32cube.ide.mcu.externaltools.gnu-tools-for-stm32.12.3.rel1.win32_1.0.200.202406191623/tools/bin/../lib/gcc/arm-none-eabi/12.3.1/../../../../arm-none-eabi/lib/thumb/v7e-m+fp/hard\libm.a(libm_a-e_rem_pio2.o)
 .debug_frame   0x00003fa4       0x20 C:/ST/STM32CubeIDE_1.16.0/STM32CubeIDE/plugins/com.st.stm32cube.ide.mcu.externaltools.gnu-tools-for-stm32.12.3.rel1.win32_1.0.200.202406191623/tools/bin/../lib/gcc/arm-none-eabi/12.3.1/../../../../arm-none-eabi/lib/thumb/v7e-m+fp/hard\libm.a(libm_a-s_fabs.o)
 .debug_frame   0x00003fc4       0x54 C:/ST/STM32CubeIDE_1.16.0/STM32CubeIDE/plugins/com.st.stm32cube.ide.mcu.externaltools.gnu-tools-for-stm32.12.3.rel1.win32_1.0.200.202406191623/tools/bin/../lib/gcc/arm-none-eabi/12.3.1/../../../../arm-none-eabi/lib/thumb/v7e-m+fp/hard\libm.a(libm_a-k_rem_pio2.o)
 .debug_frame   0x00004018       0x2c C:/ST/STM32CubeIDE_1.16.0/STM32CubeIDE/plugins/com.st.stm32cube.ide.mcu.externaltools.gnu-tools-for-stm32.12.3.rel1.win32_1.0.200.202406191623/tools/bin/../lib/gcc/arm-none-eabi/12.3.1/../../../../arm-none-eabi/lib/thumb/v7e-m+fp/hard\libm.a(libm_a-s_scalbn.o)
 .debug_frame   0x00004044       0x30 C:/ST/STM32CubeIDE_1.16.0/STM32CubeIDE/plugins/com.st.stm32cube.ide.mcu.externaltools.gnu-tools-for-stm32.12.3.rel1.win32_1.0.200.202406191623/tools/bin/../lib/gcc/arm-none-eabi/12.3.1/../../../../arm-none-eabi/lib/thumb/v7e-m+fp/hard\libm.a(libm_a-s_floor.o)
 .debug_frame   0x00004074       0xac C:/ST/STM32CubeIDE_1.16.0/STM32CubeIDE/plugins/com.st.stm32cube.ide.mcu.externaltools.gnu-tools-for-stm32.12.3.rel1.win32_1.0.200.202406191623/tools/bin/../lib/gcc/arm-none-eabi/12.3.1/thumb/v7e-m+fp/hard\libgcc.a(_arm_addsubdf3.o)
 .debug_frame   0x00004120       0x50 C:/ST/STM32CubeIDE_1.16.0/STM32CubeIDE/plugins/com.st.stm32cube.ide.mcu.externaltools.gnu-tools-for-stm32.12.3.rel1.win32_1.0.200.202406191623/tools/bin/../lib/gcc/arm-none-eabi/12.3.1/thumb/v7e-m+fp/hard\libgcc.a(_arm_muldivdf3.o)
 .debug_frame   0x00004170       0xc4 C:/ST/STM32CubeIDE_1.16.0/STM32CubeIDE/plugins/com.st.stm32cube.ide.mcu.externaltools.gnu-tools-for-stm32.12.3.rel1.win32_1.0.200.202406191623/tools/bin/../lib/gcc/arm-none-eabi/12.3.1/thumb/v7e-m+fp/hard\libgcc.a(_arm_cmpdf2.o)
 .debug_frame   0x00004234       0x24 C:/ST/STM32CubeIDE_1.16.0/STM32CubeIDE/plugins/com.st.stm32cube.ide.mcu.externaltools.gnu-tools-for-stm32.12.3.rel1.win32_1.0.200.202406191623/tools/bin/../lib/gcc/arm-none-eabi/12.3.1/thumb/v7e-m+fp/hard\libgcc.a(_arm_fixdfsi.o)
 .debug_frame   0x00004258       0x24 C:/ST/STM32CubeIDE_1.16.0/STM32CubeIDE/plugins/com.st.stm32cube.ide.mcu.externaltools.gnu-tools-for-stm32.12.3.rel1.win32_1.0.200.202406191623/tools/bin/../lib/gcc/arm-none-eabi/12.3.1/thumb/v7e-m+fp/hard\libgcc.a(_arm_fixunsdfsi.o)
 .debug_frame   0x0000427c       0x24 C:/ST/STM32CubeIDE_1.16.0/STM32CubeIDE/plugins/com.st.stm32cube.ide.mcu.externaltools.gnu-tools-for-stm32.12.3.rel1.win32_1.0.200.202406191623/tools/bin/../lib/gcc/arm-none-eabi/12.3.1/thumb/v7e-m+fp/hard\libgcc.a(_arm_truncdfsf2.o)

.debug_line_str
                0x00000000       0x65
 .debug_line_str
                0x00000000       0x65 ./Core/Startup/startup_stm32l432kcux.o
