../Drivers/CMSIS/Include/core_cm4.h:1648:22:__NVIC_SetPriorityGrouping	1
../Drivers/CMSIS/Include/core_cm4.h:1667:26:__NVIC_GetPriorityGrouping	1
../Drivers/CMSIS/Include/core_cm4.h:1809:22:__NVIC_SetPriority	2
../Drivers/CMSIS/Include/core_cm4.h:1856:26:NVIC_EncodePriority	2
../Drivers/STM32L4xx_HAL_Driver/Inc/stm32l4xx_ll_rcc.h:2123:22:LL_RCC_HSI_Enable	1
../Drivers/STM32L4xx_HAL_Driver/Inc/stm32l4xx_ll_rcc.h:2143:26:LL_RCC_HSI_IsReady	2
../Drivers/STM32L4xx_HAL_Driver/Inc/stm32l4xx_ll_rcc.h:2189:22:LL_RCC_HSI_SetCalibTrimming	1
../Drivers/STM32L4xx_HAL_Driver/Inc/stm32l4xx_ll_rcc.h:2740:22:LL_RCC_SetSysClkSource	1
../Drivers/STM32L4xx_HAL_Driver/Inc/stm32l4xx_ll_rcc.h:2754:26:LL_RCC_GetSysClkSource	1
../Drivers/STM32L4xx_HAL_Driver/Inc/stm32l4xx_ll_rcc.h:2774:22:LL_RCC_SetAHBPrescaler	1
../Drivers/STM32L4xx_HAL_Driver/Inc/stm32l4xx_ll_rcc.h:2790:22:LL_RCC_SetAPB1Prescaler	1
../Drivers/STM32L4xx_HAL_Driver/Inc/stm32l4xx_ll_rcc.h:2806:22:LL_RCC_SetAPB2Prescaler	1
../Drivers/STM32L4xx_HAL_Driver/Inc/stm32l4xx_ll_rcc.h:3731:22:LL_RCC_PLL_Enable	1
../Drivers/STM32L4xx_HAL_Driver/Inc/stm32l4xx_ll_rcc.h:3752:26:LL_RCC_PLL_IsReady	2
../Drivers/STM32L4xx_HAL_Driver/Inc/stm32l4xx_ll_rcc.h:3798:22:LL_RCC_PLL_ConfigDomain_SYS	1
../Drivers/STM32L4xx_HAL_Driver/Inc/stm32l4xx_ll_rcc.h:4197:22:LL_RCC_PLL_EnableDomain_SYS	1
../Drivers/STM32L4xx_HAL_Driver/Inc/stm32l4xx_ll_bus.h:1087:22:LL_APB1_GRP1_EnableClock	1
../Drivers/STM32L4xx_HAL_Driver/Inc/stm32l4xx_ll_bus.h:1673:22:LL_APB2_GRP1_EnableClock	1
../Drivers/STM32L4xx_HAL_Driver/Inc/stm32l4xx_ll_system.h:1403:22:LL_FLASH_SetLatency	1
../Drivers/STM32L4xx_HAL_Driver/Inc/stm32l4xx_ll_system.h:1431:26:LL_FLASH_GetLatency	1
../Drivers/STM32L4xx_HAL_Driver/Inc/stm32l4xx_ll_pwr.h:343:22:LL_PWR_SetRegulVoltageScaling	1
../Drivers/STM32L4xx_HAL_Driver/Inc/stm32l4xx_ll_pwr.h:1607:26:LL_PWR_IsActiveFlag_VOS	2
../Drivers/STM32L4xx_HAL_Driver/Inc/stm32l4xx_ll_tim.h:1487:22:LL_TIM_EnableCounter	1
../Drivers/STM32L4xx_HAL_Driver/Inc/stm32l4xx_ll_tim.h:4457:22:LL_TIM_EnableIT_UPDATE	1
../Drivers/STM32L4xx_HAL_Driver/Inc/stm32l4xx_ll_gpio.h:875:26:LL_GPIO_IsInputPinSet	2
../Core/Src/main.c:65:5:main	2
../Core/Src/main.c:122:6:SystemClock_Config	6
../Core/Src/main.c:173:6:Error_Handler	1
