../Drivers/STM32L4xx_HAL_Driver/Inc/stm32l4xx_ll_tim.h:4094:22:LL_TIM_ClearFlag_UPDATE	16	static
../Drivers/STM32L4xx_HAL_Driver/Inc/stm32l4xx_ll_tim.h:4105:26:LL_TIM_IsActiveFlag_UPDATE	16	static
../Drivers/STM32L4xx_HAL_Driver/Inc/stm32l4xx_ll_gpio.h:875:26:LL_GPIO_IsInputPinSet	16	static
../Core/Src/stm32l4xx_it.c:77:6:NMI_Handler	4	static
../Core/Src/stm32l4xx_it.c:92:6:HardFault_Handler	4	static
../Core/Src/stm32l4xx_it.c:107:6:MemManage_Handler	4	static
../Core/Src/stm32l4xx_it.c:122:6:BusFault_Handler	4	static
../Core/Src/stm32l4xx_it.c:137:6:UsageFault_Handler	4	static
../Core/Src/stm32l4xx_it.c:152:6:SVC_Handler	4	static
../Core/Src/stm32l4xx_it.c:165:6:DebugMon_Handler	4	static
../Core/Src/stm32l4xx_it.c:178:6:PendSV_Handler	4	static
../Core/Src/stm32l4xx_it.c:191:6:SysTick_Handler	8	static
../Core/Src/stm32l4xx_it.c:212:6:TIM6_DAC_IRQHandler	8	static
