../Drivers/CMSIS/Include/core_cm4.h:1667:26:__NVIC_GetPriorityGrouping	4	static
../Drivers/CMSIS/Include/core_cm4.h:1679:22:__NVIC_EnableIRQ	16	static,ignoring_inline_asm
../Drivers/CMSIS/Include/core_cm4.h:1809:22:__NVIC_SetPriority	16	static
../Drivers/CMSIS/Include/core_cm4.h:1856:26:NVIC_EncodePriority	40	static
../Drivers/STM32L4xx_HAL_Driver/Inc/stm32l4xx_ll_bus.h:563:22:LL_AHB2_GRP1_EnableClock	24	static
../Drivers/STM32L4xx_HAL_Driver/Inc/stm32l4xx_ll_bus.h:1087:22:LL_APB1_GRP1_EnableClock	24	static
../Drivers/STM32L4xx_HAL_Driver/Inc/stm32l4xx_ll_bus.h:1673:22:LL_APB2_GRP1_EnableClock	24	static
../Drivers/STM32L4xx_HAL_Driver/Inc/stm32l4xx_ll_tim.h:1678:22:LL_TIM_DisableARRPreload	16	static
../Drivers/STM32L4xx_HAL_Driver/Inc/stm32l4xx_ll_tim.h:2883:22:LL_TIM_IC_SetActiveInput	32	static
../Drivers/STM32L4xx_HAL_Driver/Inc/stm32l4xx_ll_tim.h:2933:22:LL_TIM_IC_SetPrescaler	32	static
../Drivers/STM32L4xx_HAL_Driver/Inc/stm32l4xx_ll_tim.h:2996:22:LL_TIM_IC_SetFilter	32	static
../Drivers/STM32L4xx_HAL_Driver/Inc/stm32l4xx_ll_tim.h:3062:22:LL_TIM_IC_SetPolarity	32	static
../Drivers/STM32L4xx_HAL_Driver/Inc/stm32l4xx_ll_tim.h:3283:22:LL_TIM_SetEncoderMode	16	static
../Drivers/STM32L4xx_HAL_Driver/Inc/stm32l4xx_ll_tim.h:3312:22:LL_TIM_SetTriggerOutput	16	static
../Drivers/STM32L4xx_HAL_Driver/Inc/stm32l4xx_ll_tim.h:3342:22:LL_TIM_SetTriggerOutput2	16	static
../Drivers/STM32L4xx_HAL_Driver/Inc/stm32l4xx_ll_tim.h:3409:22:LL_TIM_DisableMasterSlaveMode	16	static
../Core/Src/tim.c:31:6:MX_TIM1_Init	56	static
../Core/Src/tim.c:86:6:MX_TIM2_Init	56	static
../Core/Src/tim.c:139:6:MX_TIM6_Init	32	static
../Core/Src/tim.c:171:6:MX_TIM15_Init	96	static
../Core/Src/tim.c:231:6:MX_TIM16_Init	80	static
../Core/Src/tim.c:288:6:HAL_TIM_PWM_MspInit	24	static
../Core/Src/tim.c:304:6:HAL_TIM_Base_MspInit	24	static
../Core/Src/tim.c:319:6:HAL_TIM_MspPostInit	48	static
../Core/Src/tim.c:367:6:HAL_TIM_PWM_MspDeInit	16	static
../Core/Src/tim.c:383:6:HAL_TIM_Base_MspDeInit	16	static
../Core/Src/tim.c:400:9:tim1_brzina	16	static
../Core/Src/tim.c:407:9:tim2_brzina	16	static
